Archive member included to satisfy reference by file (symbol)

C:/ST/STM32CubeIDE_1.14.0/STM32CubeIDE/plugins/com.st.stm32cube.ide.mcu.externaltools.gnu-tools-for-stm32.11.3.rel1.win32_1.1.100.202309141235/tools/bin/../lib/gcc/arm-none-eabi/11.3.1/../../../../arm-none-eabi/lib/thumb/v7e-m+fp/hard\libc_nano.a(libc_a-exit.o)
                              C:/ST/STM32CubeIDE_1.14.0/STM32CubeIDE/plugins/com.st.stm32cube.ide.mcu.externaltools.gnu-tools-for-stm32.11.3.rel1.win32_1.1.100.202309141235/tools/bin/../lib/gcc/arm-none-eabi/11.3.1/../../../../arm-none-eabi/lib/thumb/v7e-m+fp/hard/crt0.o (exit)
C:/ST/STM32CubeIDE_1.14.0/STM32CubeIDE/plugins/com.st.stm32cube.ide.mcu.externaltools.gnu-tools-for-stm32.11.3.rel1.win32_1.1.100.202309141235/tools/bin/../lib/gcc/arm-none-eabi/11.3.1/../../../../arm-none-eabi/lib/thumb/v7e-m+fp/hard\libc_nano.a(libc_a-itoa.o)
                              ./Core/Src/main.o (itoa)
C:/ST/STM32CubeIDE_1.14.0/STM32CubeIDE/plugins/com.st.stm32cube.ide.mcu.externaltools.gnu-tools-for-stm32.11.3.rel1.win32_1.1.100.202309141235/tools/bin/../lib/gcc/arm-none-eabi/11.3.1/../../../../arm-none-eabi/lib/thumb/v7e-m+fp/hard\libc_nano.a(libc_a-utoa.o)
                              C:/ST/STM32CubeIDE_1.14.0/STM32CubeIDE/plugins/com.st.stm32cube.ide.mcu.externaltools.gnu-tools-for-stm32.11.3.rel1.win32_1.1.100.202309141235/tools/bin/../lib/gcc/arm-none-eabi/11.3.1/../../../../arm-none-eabi/lib/thumb/v7e-m+fp/hard\libc_nano.a(libc_a-itoa.o) (__utoa)
C:/ST/STM32CubeIDE_1.14.0/STM32CubeIDE/plugins/com.st.stm32cube.ide.mcu.externaltools.gnu-tools-for-stm32.11.3.rel1.win32_1.1.100.202309141235/tools/bin/../lib/gcc/arm-none-eabi/11.3.1/../../../../arm-none-eabi/lib/thumb/v7e-m+fp/hard\libc_nano.a(libc_a-findfp.o)
                              C:/ST/STM32CubeIDE_1.14.0/STM32CubeIDE/plugins/com.st.stm32cube.ide.mcu.externaltools.gnu-tools-for-stm32.11.3.rel1.win32_1.1.100.202309141235/tools/bin/../lib/gcc/arm-none-eabi/11.3.1/../../../../arm-none-eabi/lib/thumb/v7e-m+fp/hard\libc_nano.a(libc_a-exit.o) (__stdio_exit_handler)
C:/ST/STM32CubeIDE_1.14.0/STM32CubeIDE/plugins/com.st.stm32cube.ide.mcu.externaltools.gnu-tools-for-stm32.11.3.rel1.win32_1.1.100.202309141235/tools/bin/../lib/gcc/arm-none-eabi/11.3.1/../../../../arm-none-eabi/lib/thumb/v7e-m+fp/hard\libc_nano.a(libc_a-fwalk.o)
                              C:/ST/STM32CubeIDE_1.14.0/STM32CubeIDE/plugins/com.st.stm32cube.ide.mcu.externaltools.gnu-tools-for-stm32.11.3.rel1.win32_1.1.100.202309141235/tools/bin/../lib/gcc/arm-none-eabi/11.3.1/../../../../arm-none-eabi/lib/thumb/v7e-m+fp/hard\libc_nano.a(libc_a-findfp.o) (_fwalk_sglue)
C:/ST/STM32CubeIDE_1.14.0/STM32CubeIDE/plugins/com.st.stm32cube.ide.mcu.externaltools.gnu-tools-for-stm32.11.3.rel1.win32_1.1.100.202309141235/tools/bin/../lib/gcc/arm-none-eabi/11.3.1/../../../../arm-none-eabi/lib/thumb/v7e-m+fp/hard\libc_nano.a(libc_a-stdio.o)
                              C:/ST/STM32CubeIDE_1.14.0/STM32CubeIDE/plugins/com.st.stm32cube.ide.mcu.externaltools.gnu-tools-for-stm32.11.3.rel1.win32_1.1.100.202309141235/tools/bin/../lib/gcc/arm-none-eabi/11.3.1/../../../../arm-none-eabi/lib/thumb/v7e-m+fp/hard\libc_nano.a(libc_a-findfp.o) (__sread)
C:/ST/STM32CubeIDE_1.14.0/STM32CubeIDE/plugins/com.st.stm32cube.ide.mcu.externaltools.gnu-tools-for-stm32.11.3.rel1.win32_1.1.100.202309141235/tools/bin/../lib/gcc/arm-none-eabi/11.3.1/../../../../arm-none-eabi/lib/thumb/v7e-m+fp/hard\libc_nano.a(libc_a-memset.o)
                              C:/ST/STM32CubeIDE_1.14.0/STM32CubeIDE/plugins/com.st.stm32cube.ide.mcu.externaltools.gnu-tools-for-stm32.11.3.rel1.win32_1.1.100.202309141235/tools/bin/../lib/gcc/arm-none-eabi/11.3.1/../../../../arm-none-eabi/lib/thumb/v7e-m+fp/hard/crt0.o (memset)
C:/ST/STM32CubeIDE_1.14.0/STM32CubeIDE/plugins/com.st.stm32cube.ide.mcu.externaltools.gnu-tools-for-stm32.11.3.rel1.win32_1.1.100.202309141235/tools/bin/../lib/gcc/arm-none-eabi/11.3.1/../../../../arm-none-eabi/lib/thumb/v7e-m+fp/hard\libc_nano.a(libc_a-closer.o)
                              C:/ST/STM32CubeIDE_1.14.0/STM32CubeIDE/plugins/com.st.stm32cube.ide.mcu.externaltools.gnu-tools-for-stm32.11.3.rel1.win32_1.1.100.202309141235/tools/bin/../lib/gcc/arm-none-eabi/11.3.1/../../../../arm-none-eabi/lib/thumb/v7e-m+fp/hard\libc_nano.a(libc_a-stdio.o) (_close_r)
C:/ST/STM32CubeIDE_1.14.0/STM32CubeIDE/plugins/com.st.stm32cube.ide.mcu.externaltools.gnu-tools-for-stm32.11.3.rel1.win32_1.1.100.202309141235/tools/bin/../lib/gcc/arm-none-eabi/11.3.1/../../../../arm-none-eabi/lib/thumb/v7e-m+fp/hard\libc_nano.a(libc_a-reent.o)
                              C:/ST/STM32CubeIDE_1.14.0/STM32CubeIDE/plugins/com.st.stm32cube.ide.mcu.externaltools.gnu-tools-for-stm32.11.3.rel1.win32_1.1.100.202309141235/tools/bin/../lib/gcc/arm-none-eabi/11.3.1/../../../../arm-none-eabi/lib/thumb/v7e-m+fp/hard\libc_nano.a(libc_a-closer.o) (errno)
[...]
Memory Configuration

Name             Origin             Length             Attributes
CCMRAM           0x0000000010000000 0x0000000000004000 xrw
RAM              0x0000000020000000 0x0000000000010000 xrw
FLASH            0x0000000008000000 0x0000000000080000 xr
*default*        0x0000000000000000 0xffffffffffffffff

Linker script and memory map

LOAD C:/ST/STM32CubeIDE_1.14.0/STM32CubeIDE/plugins/com.st.stm32cube.ide.mcu.externaltools.gnu-tools-for-stm32.11.3.rel1.win32_1.1.100.202309141235/tools/bin/../lib/gcc/arm-none-eabi/11.3.1/thumb/v7e-m+fp/hard/crti.o
LOAD C:/ST/STM32CubeIDE_1.14.0/STM32CubeIDE/plugins/com.st.stm32cube.ide.mcu.externaltools.gnu-tools-for-stm32.11.3.rel1.win32_1.1.100.202309141235/tools/bin/../lib/gcc/arm-none-eabi/11.3.1/thumb/v7e-m+fp/hard/crtbegin.o
LOAD C:/ST/STM32CubeIDE_1.14.0/STM32CubeIDE/plugins/com.st.stm32cube.ide.mcu.externaltools.gnu-tools-for-stm32.11.3.rel1.win32_1.1.100.202309141235/tools/bin/../lib/gcc/arm-none-eabi/11.3.1/../../../../arm-none-eabi/lib/thumb/v7e-m+fp/hard/crt0.o
LOAD ./Core/Src/dwt_stm32_delay.o
LOAD ./Core/Src/liquidcrystal_i2c.o
LOAD ./Core/Src/main.o
LOAD ./Core/Src/stm32f3xx_hal_msp.o
LOAD ./Core/Src/stm32f3xx_it.o
LOAD ./Core/Src/syscalls.o
LOAD ./Core/Src/sysmem.o
LOAD ./Core/Src/system_stm32f3xx.o
LOAD ./Core/Startup/startup_stm32f303retx.o
LOAD ./Drivers/STM32F3xx_HAL_Driver/Src/stm32f3xx_hal.o
LOAD ./Drivers/STM32F3xx_HAL_Driver/Src/stm32f3xx_hal_cortex.o
LOAD ./Drivers/STM32F3xx_HAL_Driver/Src/stm32f3xx_hal_dma.o
LOAD ./Drivers/STM32F3xx_HAL_Driver/Src/stm32f3xx_hal_exti.o
LOAD ./Drivers/STM32F3xx_HAL_Driver/Src/stm32f3xx_hal_flash.o
LOAD ./Drivers/STM32F3xx_HAL_Driver/Src/stm32f3xx_hal_flash_ex.o
LOAD ./Drivers/STM32F3xx_HAL_Driver/Src/stm32f3xx_hal_gpio.o
LOAD ./Drivers/STM32F3xx_HAL_Driver/Src/stm32f3xx_hal_i2c.o
LOAD ./Drivers/STM32F3xx_HAL_Driver/Src/stm32f3xx_hal_i2c_ex.o
LOAD ./Drivers/STM32F3xx_HAL_Driver/Src/stm32f3xx_hal_pwr.o
LOAD ./Drivers/STM32F3xx_HAL_Driver/Src/stm32f3xx_hal_pwr_ex.o
LOAD ./Drivers/STM32F3xx_HAL_Driver/Src/stm32f3xx_hal_rcc.o
LOAD ./Drivers/STM32F3xx_HAL_Driver/Src/stm32f3xx_hal_rcc_ex.o
LOAD ./Drivers/STM32F3xx_HAL_Driver/Src/stm32f3xx_hal_tim.o
LOAD ./Drivers/STM32F3xx_HAL_Driver/Src/stm32f3xx_hal_tim_ex.o
START GROUP
LOAD C:/ST/STM32CubeIDE_1.14.0/STM32CubeIDE/plugins/com.st.stm32cube.ide.mcu.externaltools.gnu-tools-for-stm32.11.3.rel1.win32_1.1.100.202309141235/tools/bin/../lib/gcc/arm-none-eabi/11.3.1/../../../../arm-none-eabi/lib/thumb/v7e-m+fp/hard\libc_nano.a
LOAD C:/ST/STM32CubeIDE_1.14.0/STM32CubeIDE/plugins/com.st.stm32cube.ide.mcu.externaltools.gnu-tools-for-stm32.11.3.rel1.win32_1.1.100.202309141235/tools/bin/../lib/gcc/arm-none-eabi/11.3.1/../../../../arm-none-eabi/lib/thumb/v7e-m+fp/hard\libm.a
END GROUP
START GROUP
LOAD C:/ST/STM32CubeIDE_1.14.0/STM32CubeIDE/plugins/com.st.stm32cube.ide.mcu.externaltools.gnu-tools-for-stm32.11.3.rel1.win32_1.1.100.202309141235/tools/bin/../lib/gcc/arm-none-eabi/11.3.1/thumb/v7e-m+fp/hard\libgcc.a
LOAD C:/ST/STM32CubeIDE_1.14.0/STM32CubeIDE/plugins/com.st.stm32cube.ide.mcu.externaltools.gnu-tools-for-stm32.11.3.rel1.win32_1.1.100.202309141235/tools/bin/../lib/gcc/arm-none-eabi/11.3.1/../../../../arm-none-eabi/lib/thumb/v7e-m+fp/hard\libc_nano.a
END GROUP
START GROUP
LOAD C:/ST/STM32CubeIDE_1.14.0/STM32CubeIDE/plugins/com.st.stm32cube.ide.mcu.externaltools.gnu-tools-for-stm32.11.3.rel1.win32_1.1.100.202309141235/tools/bin/../lib/gcc/arm-none-eabi/11.3.1/thumb/v7e-m+fp/hard\libgcc.a
LOAD C:/ST/STM32CubeIDE_1.14.0/STM32CubeIDE/plugins/com.st.stm32cube.ide.mcu.externaltools.gnu-tools-for-stm32.11.3.rel1.win32_1.1.100.202309141235/tools/bin/../lib/gcc/arm-none-eabi/11.3.1/../../../../arm-none-eabi/lib/thumb/v7e-m+fp/hard\libc_nano.a
LOAD C:/ST/STM32CubeIDE_1.14.0/STM32CubeIDE/plugins/com.st.stm32cube.ide.mcu.externaltools.gnu-tools-for-stm32.11.3.rel1.win32_1.1.100.202309141235/tools/bin/../lib/gcc/arm-none-eabi/11.3.1/../../../../arm-none-eabi/lib/thumb/v7e-m+fp/hard\libnosys.a
END GROUP
START GROUP
LOAD C:/ST/STM32CubeIDE_1.14.0/STM32CubeIDE/plugins/com.st.stm32cube.ide.mcu.externaltools.gnu-tools-for-stm32.11.3.rel1.win32_1.1.100.202309141235/tools/bin/../lib/gcc/arm-none-eabi/11.3.1/thumb/v7e-m+fp/hard\libgcc.a
LOAD C:/ST/STM32CubeIDE_1.14.0/STM32CubeIDE/plugins/com.st.stm32cube.ide.mcu.externaltools.gnu-tools-for-stm32.11.3.rel1.win32_1.1.100.202309141235/tools/bin/../lib/gcc/arm-none-eabi/11.3.1/../../../../arm-none-eabi/lib/thumb/v7e-m+fp/hard\libc_nano.a
LOAD C:/ST/STM32CubeIDE_1.14.0/STM32CubeIDE/plugins/com.st.stm32cube.ide.mcu.externaltools.gnu-tools-for-stm32.11.3.rel1.win32_1.1.100.202309141235/tools/bin/../lib/gcc/arm-none-eabi/11.3.1/../../../../arm-none-eabi/lib/thumb/v7e-m+fp/hard\libnosys.a
END GROUP
LOAD C:/ST/STM32CubeIDE_1.14.0/STM32CubeIDE/plugins/com.st.stm32cube.ide.mcu.externaltools.gnu-tools-for-stm32.11.3.rel1.win32_1.1.100.202309141235/tools/bin/../lib/gcc/arm-none-eabi/11.3.1/thumb/v7e-m+fp/hard/crtend.o
LOAD C:/ST/STM32CubeIDE_1.14.0/STM32CubeIDE/plugins/com.st.stm32cube.ide.mcu.externaltools.gnu-tools-for-stm32.11.3.rel1.win32_1.1.100.202309141235/tools/bin/../lib/gcc/arm-none-eabi/11.3.1/thumb/v7e-m+fp/hard/crtn.o
                0x0000000020010000                _estack = (ORIGIN (RAM) + LENGTH (RAM))
                0x0000000000000200                _Min_Heap_Size = 0x200
                0x0000000000000400                _Min_Stack_Size = 0x400

.isr_vector     0x0000000008000000      0x194
                0x0000000008000000                . = ALIGN (0x4)
 *(.isr_vector)
 .isr_vector    0x0000000008000000      0x194 ./Core/Startup/startup_stm32f303retx.o
                0x0000000008000000                g_pfnVectors
                0x0000000008000194                . = ALIGN (0x4)

.text           0x0000000008000198     0x3ab0
                0x0000000008000198                . = ALIGN (0x4)
 *(.text)
 .text          0x0000000008000198       0x40 C:/ST/STM32CubeIDE_1.14.0/STM32CubeIDE/plugins/com.st.stm32cube.ide.mcu.externaltools.gnu-tools-for-stm32.11.3.rel1.win32_1.1.100.202309141235/tools/bin/../lib/gcc/arm-none-eabi/11.3.1/thumb/v7e-m+fp/hard/crtbegin.o
 .text          0x00000000080001d8      0x378 C:/ST/STM32CubeIDE_1.14.0/STM32CubeIDE/plugins/com.st.stm32cube.ide.mcu.externaltools.gnu-tools-for-stm32.11.3.rel1.win32_1.1.100.202309141235/tools/bin/../lib/gcc/arm-none-eabi/11.3.1/thumb/v7e-m+fp/hard\libgcc.a(_arm_addsubdf3.o)
                0x00000000080001d8                __aeabi_drsub
                0x00000000080001e0                __aeabi_dsub
                0x00000000080001e0                __subdf3
                0x00000000080001e4                __aeabi_dadd
                0x00000000080001e4                __adddf3
                0x000000000800045c                __floatunsidf
                0x000000000800045c                __aeabi_ui2d
                0x000000000800047c                __floatsidf
                0x000000000800047c                __aeabi_i2d
                0x00000000080004a0                __aeabi_f2d
                0x00000000080004a0                __extendsfdf2
                0x00000000080004e4                __floatundidf
                0x00000000080004e4                __aeabi_ul2d
                0x00000000080004f4                __floatdidf
                0x00000000080004f4                __aeabi_l2d
 .text          0x0000000008000550      0x424 C:/ST/STM32CubeIDE_1.14.0/STM32CubeIDE/plugins/com.st.stm32cube.ide.mcu.externaltools.gnu-tools-for-stm32.11.3.rel1.win32_1.1.100.202309141235/tools/bin/../lib/gcc/arm-none-eabi/11.3.1/thumb/v7e-m+fp/hard\libgcc.a(_arm_muldivdf3.o)
                0x0000000008000550                __aeabi_dmul
                0x0000000008000550                __muldf3
                0x00000000080007a4                __divdf3
                0x00000000080007a4                __aeabi_ddiv
 .text          0x0000000008000974       0x40 C:/ST/STM32CubeIDE_1.14.0/STM32CubeIDE/plugins/com.st.stm32cube.ide.mcu.externaltools.gnu-tools-for-stm32.11.3.rel1.win32_1.1.100.202309141235/tools/bin/../lib/gcc/arm-none-eabi/11.3.1/thumb/v7e-m+fp/hard\libgcc.a(_arm_fixunsdfsi.o)
                0x0000000008000974                __aeabi_d2uiz
                0x0000000008000974                __fixunsdfsi
 *(.text*)
 .text.DWT_Delay_Init
                0x00000000080009b4       0x60 ./Core/Src/dwt_stm32_delay.o
                0x00000000080009b4                DWT_Delay_Init
 .text.HD44780_Init
                0x0000000008000a14      0x108 ./Core/Src/liquidcrystal_i2c.o
                0x0000000008000a14                HD44780_Init
 .text.HD44780_Clear
                0x0000000008000b1c       0x16 ./Core/Src/liquidcrystal_i2c.o
                0x0000000008000b1c                HD44780_Clear
 .text.HD44780_Home
                0x0000000008000b32       0x16 ./Core/Src/liquidcrystal_i2c.o
                0x0000000008000b32                HD44780_Home
 .text.HD44780_SetCursor
                0x0000000008000b48       0x64 ./Core/Src/liquidcrystal_i2c.o
                0x0000000008000b48                HD44780_SetCursor
 .text.HD44780_Display
                0x0000000008000bac       0x2c ./Core/Src/liquidcrystal_i2c.o
                0x0000000008000bac                HD44780_Display
 .text.HD44780_CreateSpecialChar
                0x0000000008000bd8       0x52 ./Core/Src/liquidcrystal_i2c.o
                0x0000000008000bd8                HD44780_CreateSpecialChar
 .text.HD44780_PrintStr
                0x0000000008000c2a       0x2a ./Core/Src/liquidcrystal_i2c.o
                0x0000000008000c2a                HD44780_PrintStr
 .text.SendCommand
                0x0000000008000c54       0x1c ./Core/Src/liquidcrystal_i2c.o
 .text.SendChar
                0x0000000008000c70       0x1c ./Core/Src/liquidcrystal_i2c.o
 .text.Send     0x0000000008000c8c       0x42 ./Core/Src/liquidcrystal_i2c.o
 .text.Write4Bits
                0x0000000008000cce       0x22 ./Core/Src/liquidcrystal_i2c.o
 .text.ExpanderWrite
                0x0000000008000cf0       0x38 ./Core/Src/liquidcrystal_i2c.o
 .text.PulseEnable
                0x0000000008000d28       0x3a ./Core/Src/liquidcrystal_i2c.o
 *fill*         0x0000000008000d62        0x2 
 .text.DelayInit
                0x0000000008000d64       0x54 ./Core/Src/liquidcrystal_i2c.o
 .text.DelayUS  0x0000000008000db8       0x50 ./Core/Src/liquidcrystal_i2c.o
 .text.DWT_Delay_us
                0x0000000008000e08       0x48 ./Core/Src/main.o
 .text.Read_HCSR04
                0x0000000008000e50       0x6c ./Core/Src/main.o
                0x0000000008000e50                Read_HCSR04
 *fill*         0x0000000008000ebc        0x4 
 .text.main     0x0000000008000ec0      0x154 ./Core/Src/main.o
                0x0000000008000ec0                main
 .text.SystemClock_Config
                0x0000000008001014       0xbc ./Core/Src/main.o
                0x0000000008001014                SystemClock_Config
 .text.MX_I2C1_Init
                0x00000000080010d0       0x80 ./Core/Src/main.o
 .text.MX_GPIO_Init
                0x0000000008001150       0xb4 ./Core/Src/main.o
 .text.Error_Handler
                0x0000000008001204        0xa ./Core/Src/main.o
                0x0000000008001204                Error_Handler
 *fill*         0x000000000800120e        0x2 
 .text.HAL_MspInit
                0x0000000008001210       0x48 ./Core/Src/stm32f3xx_hal_msp.o
                0x0000000008001210                HAL_MspInit
 .text.HAL_I2C_MspInit
                0x0000000008001258       0x88 ./Core/Src/stm32f3xx_hal_msp.o
                0x0000000008001258                HAL_I2C_MspInit
 .text.NMI_Handler
                0x00000000080012e0        0x6 ./Core/Src/stm32f3xx_it.o
                0x00000000080012e0                NMI_Handler
 .text.HardFault_Handler
                0x00000000080012e6        0x6 ./Core/Src/stm32f3xx_it.o
                0x00000000080012e6                HardFault_Handler
 .text.MemManage_Handler
                0x00000000080012ec        0x6 ./Core/Src/stm32f3xx_it.o
                0x00000000080012ec                MemManage_Handler
 .text.BusFault_Handler
                0x00000000080012f2        0x6 ./Core/Src/stm32f3xx_it.o
                0x00000000080012f2                BusFault_Handler
 .text.UsageFault_Handler
                0x00000000080012f8        0x6 ./Core/Src/stm32f3xx_it.o
                0x00000000080012f8                UsageFault_Handler
 .text.SVC_Handler
                0x00000000080012fe        0xe ./Core/Src/stm32f3xx_it.o
                0x00000000080012fe                SVC_Handler
 .text.DebugMon_Handler
                0x000000000800130c        0xe ./Core/Src/stm32f3xx_it.o
                0x000000000800130c                DebugMon_Handler
 .text.PendSV_Handler
                0x000000000800131a        0xe ./Core/Src/stm32f3xx_it.o
                0x000000000800131a                PendSV_Handler
 .text.SysTick_Handler
                0x0000000008001328        0xc ./Core/Src/stm32f3xx_it.o
                0x0000000008001328                SysTick_Handler
 .text.SystemInit
                0x0000000008001334       0x24 ./Core/Src/system_stm32f3xx.o
                0x0000000008001334                SystemInit
 .text.Reset_Handler
                0x0000000008001358       0x50 ./Core/Startup/startup_stm32f303retx.o
                0x0000000008001358                Reset_Handler
 .text.Default_Handler
                0x00000000080013a8        0x2 ./Core/Startup/startup_stm32f303retx.o
                0x00000000080013a8                RTC_Alarm_IRQHandler
                0x00000000080013a8                TIM8_TRG_COM_IRQHandler
                0x00000000080013a8                TIM8_CC_IRQHandler
                0x00000000080013a8                SPI4_IRQHandler
                0x00000000080013a8                TIM1_CC_IRQHandler
                0x00000000080013a8                USB_HP_IRQHandler
                0x00000000080013a8                PVD_IRQHandler
                0x00000000080013a8                TAMP_STAMP_IRQHandler
                0x00000000080013a8                EXTI3_IRQHandler
                0x00000000080013a8                I2C3_ER_IRQHandler
                0x00000000080013a8                USB_HP_CAN_TX_IRQHandler
                0x00000000080013a8                EXTI0_IRQHandler
                0x00000000080013a8                I2C2_EV_IRQHandler
                0x00000000080013a8                FPU_IRQHandler
                0x00000000080013a8                TIM1_UP_TIM16_IRQHandler
                0x00000000080013a8                ADC1_2_IRQHandler
                0x00000000080013a8                SPI1_IRQHandler
                0x00000000080013a8                CAN_SCE_IRQHandler
                0x00000000080013a8                TIM6_DAC_IRQHandler
                0x00000000080013a8                TIM8_UP_IRQHandler
                0x00000000080013a8                DMA2_Channel2_IRQHandler
                0x00000000080013a8                DMA1_Channel4_IRQHandler
                0x00000000080013a8                TIM20_TRG_COM_IRQHandler
                0x00000000080013a8                USART3_IRQHandler
                0x00000000080013a8                DMA1_Channel7_IRQHandler
                0x00000000080013a8                UART5_IRQHandler
                0x00000000080013a8                ADC3_IRQHandler
                0x00000000080013a8                TIM4_IRQHandler
                0x00000000080013a8                CAN_RX1_IRQHandler
                0x00000000080013a8                DMA2_Channel1_IRQHandler
                0x00000000080013a8                I2C1_EV_IRQHandler
                0x00000000080013a8                DMA1_Channel6_IRQHandler
                0x00000000080013a8                UART4_IRQHandler
                0x00000000080013a8                DMA2_Channel4_IRQHandler
                0x00000000080013a8                TIM3_IRQHandler
                0x00000000080013a8                RCC_IRQHandler
                0x00000000080013a8                TIM20_UP_IRQHandler
                0x00000000080013a8                DMA1_Channel1_IRQHandler
                0x00000000080013a8                Default_Handler
                0x00000000080013a8                USBWakeUp_RMP_IRQHandler
                0x00000000080013a8                EXTI15_10_IRQHandler
                0x00000000080013a8                TIM7_IRQHandler
                0x00000000080013a8                I2C3_EV_IRQHandler
                0x00000000080013a8                EXTI9_5_IRQHandler
                0x00000000080013a8                RTC_WKUP_IRQHandler
                0x00000000080013a8                SPI2_IRQHandler
                0x00000000080013a8                USB_LP_CAN_RX0_IRQHandler
                0x00000000080013a8                DMA2_Channel5_IRQHandler
                0x00000000080013a8                DMA1_Channel5_IRQHandler
                0x00000000080013a8                USB_LP_IRQHandler
                0x00000000080013a8                EXTI4_IRQHandler
                0x00000000080013a8                TIM1_TRG_COM_TIM17_IRQHandler
                0x00000000080013a8                DMA1_Channel3_IRQHandler
                0x00000000080013a8                ADC4_IRQHandler
                0x00000000080013a8                WWDG_IRQHandler
                0x00000000080013a8                TIM2_IRQHandler
                0x00000000080013a8                COMP7_IRQHandler
                0x00000000080013a8                COMP1_2_3_IRQHandler
                0x00000000080013a8                EXTI1_IRQHandler
                0x00000000080013a8                USART2_IRQHandler
                0x00000000080013a8                COMP4_5_6_IRQHandler
                0x00000000080013a8                TIM20_BRK_IRQHandler
                0x00000000080013a8                I2C2_ER_IRQHandler
                0x00000000080013a8                DMA1_Channel2_IRQHandler
                0x00000000080013a8                TIM8_BRK_IRQHandler
                0x00000000080013a8                FLASH_IRQHandler
                0x00000000080013a8                TIM20_CC_IRQHandler
                0x00000000080013a8                USART1_IRQHandler
                0x00000000080013a8                SPI3_IRQHandler
                0x00000000080013a8                I2C1_ER_IRQHandler
                0x00000000080013a8                FMC_IRQHandler
                0x00000000080013a8                USBWakeUp_IRQHandler
                0x00000000080013a8                DMA2_Channel3_IRQHandler
                0x00000000080013a8                EXTI2_TSC_IRQHandler
                0x00000000080013a8                TIM1_BRK_TIM15_IRQHandler
 *fill*         0x00000000080013aa        0x2 
 .text.HAL_Init
                0x00000000080013ac       0x2c ./Drivers/STM32F3xx_HAL_Driver/Src/stm32f3xx_hal.o
                0x00000000080013ac                HAL_Init
 .text.HAL_InitTick
                0x00000000080013d8       0x60 ./Drivers/STM32F3xx_HAL_Driver/Src/stm32f3xx_hal.o
                0x00000000080013d8                HAL_InitTick
 .text.HAL_IncTick
                0x0000000008001438       0x28 ./Drivers/STM32F3xx_HAL_Driver/Src/stm32f3xx_hal.o
                0x0000000008001438                HAL_IncTick
 .text.HAL_GetTick
                0x0000000008001460       0x18 ./Drivers/STM32F3xx_HAL_Driver/Src/stm32f3xx_hal.o
                0x0000000008001460                HAL_GetTick
 .text.HAL_Delay
                0x0000000008001478       0x48 ./Drivers/STM32F3xx_HAL_Driver/Src/stm32f3xx_hal.o
                0x0000000008001478                HAL_Delay
 .text.__NVIC_SetPriorityGrouping
                0x00000000080014c0       0x48 ./Drivers/STM32F3xx_HAL_Driver/Src/stm32f3xx_hal_cortex.o
 .text.__NVIC_GetPriorityGrouping
                0x0000000008001508       0x1c ./Drivers/STM32F3xx_HAL_Driver/Src/stm32f3xx_hal_cortex.o
 .text.__NVIC_SetPriority
                0x0000000008001524       0x54 ./Drivers/STM32F3xx_HAL_Driver/Src/stm32f3xx_hal_cortex.o
 .text.NVIC_EncodePriority
                0x0000000008001578       0x66 ./Drivers/STM32F3xx_HAL_Driver/Src/stm32f3xx_hal_cortex.o
 *fill*         0x00000000080015de        0x2 
 .text.SysTick_Config
                0x00000000080015e0       0x44 ./Drivers/STM32F3xx_HAL_Driver/Src/stm32f3xx_hal_cortex.o
 .text.HAL_NVIC_SetPriorityGrouping
                0x0000000008001624       0x16 ./Drivers/STM32F3xx_HAL_Driver/Src/stm32f3xx_hal_cortex.o
                0x0000000008001624                HAL_NVIC_SetPriorityGrouping
 .text.HAL_NVIC_SetPriority
                0x000000000800163a       0x38 ./Drivers/STM32F3xx_HAL_Driver/Src/stm32f3xx_hal_cortex.o
                0x000000000800163a                HAL_NVIC_SetPriority
 .text.HAL_SYSTICK_Config
                0x0000000008001672       0x18 ./Drivers/STM32F3xx_HAL_Driver/Src/stm32f3xx_hal_cortex.o
                0x0000000008001672                HAL_SYSTICK_Config
 *fill*         0x000000000800168a        0x2 
 .text.HAL_GPIO_Init
                0x000000000800168c      0x314 ./Drivers/STM32F3xx_HAL_Driver/Src/stm32f3xx_hal_gpio.o
                0x000000000800168c                HAL_GPIO_Init
 .text.HAL_GPIO_ReadPin
                0x00000000080019a0       0x30 ./Drivers/STM32F3xx_HAL_Driver/Src/stm32f3xx_hal_gpio.o
                0x00000000080019a0                HAL_GPIO_ReadPin
 .text.HAL_GPIO_WritePin
                0x00000000080019d0       0x30 ./Drivers/STM32F3xx_HAL_Driver/Src/stm32f3xx_hal_gpio.o
                0x00000000080019d0                HAL_GPIO_WritePin
 .text.HAL_I2C_Init
                0x0000000008001a00      0x11e ./Drivers/STM32F3xx_HAL_Driver/Src/stm32f3xx_hal_i2c.o
                0x0000000008001a00                HAL_I2C_Init
 *fill*         0x0000000008001b1e        0x2 
 .text.HAL_I2C_Master_Transmit
                0x0000000008001b20      0x1e8 ./Drivers/STM32F3xx_HAL_Driver/Src/stm32f3xx_hal_i2c.o
                0x0000000008001b20                HAL_I2C_Master_Transmit
 .text.I2C_Flush_TXDR
                0x0000000008001d08       0x48 ./Drivers/STM32F3xx_HAL_Driver/Src/stm32f3xx_hal_i2c.o
 .text.I2C_WaitOnFlagUntilTimeout
                0x0000000008001d50       0x9e ./Drivers/STM32F3xx_HAL_Driver/Src/stm32f3xx_hal_i2c.o
 .text.I2C_WaitOnTXISFlagUntilTimeout
                0x0000000008001dee       0x8e ./Drivers/STM32F3xx_HAL_Driver/Src/stm32f3xx_hal_i2c.o
 .text.I2C_WaitOnSTOPFlagUntilTimeout
                0x0000000008001e7c       0x86 ./Drivers/STM32F3xx_HAL_Driver/Src/stm32f3xx_hal_i2c.o
 *fill*         0x0000000008001f02        0x2 
 .text.I2C_IsErrorOccurred
                0x0000000008001f04      0x1c0 ./Drivers/STM32F3xx_HAL_Driver/Src/stm32f3xx_hal_i2c.o
 .text.I2C_TransferConfig
                0x00000000080020c4       0x64 ./Drivers/STM32F3xx_HAL_Driver/Src/stm32f3xx_hal_i2c.o
 .text.HAL_I2CEx_ConfigAnalogFilter
                0x0000000008002128       0x96 ./Drivers/STM32F3xx_HAL_Driver/Src/stm32f3xx_hal_i2c_ex.o
                0x0000000008002128                HAL_I2CEx_ConfigAnalogFilter
 .text.HAL_I2CEx_ConfigDigitalFilter
                0x00000000080021be       0x98 ./Drivers/STM32F3xx_HAL_Driver/Src/stm32f3xx_hal_i2c_ex.o
                0x00000000080021be                HAL_I2CEx_ConfigDigitalFilter
 *fill*         0x0000000008002256        0x2 
 .text.HAL_RCC_OscConfig
                0x0000000008002258     0x10a8 ./Drivers/STM32F3xx_HAL_Driver/Src/stm32f3xx_hal_rcc.o
                0x0000000008002258                HAL_RCC_OscConfig
 .text.HAL_RCC_ClockConfig
                0x0000000008003300      0x2f8 ./Drivers/STM32F3xx_HAL_Driver/Src/stm32f3xx_hal_rcc.o
                0x0000000008003300                HAL_RCC_ClockConfig
 .text.HAL_RCC_GetSysClockFreq
                0x00000000080035f8       0xd4 ./Drivers/STM32F3xx_HAL_Driver/Src/stm32f3xx_hal_rcc.o
                0x00000000080035f8                HAL_RCC_GetSysClockFreq
 .text.HAL_RCC_GetHCLKFreq
                0x00000000080036cc       0x18 ./Drivers/STM32F3xx_HAL_Driver/Src/stm32f3xx_hal_rcc.o
                0x00000000080036cc                HAL_RCC_GetHCLKFreq
 .text.HAL_RCCEx_PeriphCLKConfig
                0x00000000080036e4      0x43c ./Drivers/STM32F3xx_HAL_Driver/Src/stm32f3xx_hal_rcc_ex.o
                0x00000000080036e4                HAL_RCCEx_PeriphCLKConfig
 .text.__itoa   0x0000000008003b20       0x30 C:/ST/STM32CubeIDE_1.14.0/STM32CubeIDE/plugins/com.st.stm32cube.ide.mcu.externaltools.gnu-tools-for-stm32.11.3.rel1.win32_1.1.100.202309141235/tools/bin/../lib/gcc/arm-none-eabi/11.3.1/../../../../arm-none-eabi/lib/thumb/v7e-m+fp/hard\libc_nano.a(libc_a-itoa.o)
                0x0000000008003b20                __itoa
 .text.itoa     0x0000000008003b50        0x4 C:/ST/STM32CubeIDE_1.14.0/STM32CubeIDE/plugins/com.st.stm32cube.ide.mcu.externaltools.gnu-tools-for-stm32.11.3.rel1.win32_1.1.100.202309141235/tools/bin/../lib/gcc/arm-none-eabi/11.3.1/../../../../arm-none-eabi/lib/thumb/v7e-m+fp/hard\libc_nano.a(libc_a-itoa.o)
                0x0000000008003b50                itoa
 .text.__utoa   0x0000000008003b54       0x84 C:/ST/STM32CubeIDE_1.14.0/STM32CubeIDE/plugins/com.st.stm32cube.ide.mcu.externaltools.gnu-tools-for-stm32.11.3.rel1.win32_1.1.100.202309141235/tools/bin/../lib/gcc/arm-none-eabi/11.3.1/../../../../arm-none-eabi/lib/thumb/v7e-m+fp/hard\libc_nano.a(libc_a-utoa.o)
                0x0000000008003b54                __utoa
 .text.memset   0x0000000008003bd8       0x10 C:/ST/STM32CubeIDE_1.14.0/STM32CubeIDE/plugins/com.st.stm32cube.ide.mcu.externaltools.gnu-tools-for-stm32.11.3.rel1.win32_1.1.100.202309141235/tools/bin/../lib/gcc/arm-none-eabi/11.3.1/../../../../arm-none-eabi/lib/thumb/v7e-m+fp/hard\libc_nano.a(libc_a-memset.o)
                0x0000000008003bd8                memset
 .text.__libc_init_array
                0x0000000008003be8       0x48 C:/ST/STM32CubeIDE_1.14.0/STM32CubeIDE/plugins/com.st.stm32cube.ide.mcu.externaltools.gnu-tools-for-stm32.11.3.rel1.win32_1.1.100.202309141235/tools/bin/../lib/gcc/arm-none-eabi/11.3.1/../../../../arm-none-eabi/lib/thumb/v7e-m+fp/hard\libc_nano.a(libc_a-init.o)
                0x0000000008003be8                __libc_init_array
 *(.glue_7)
 .glue_7        0x0000000008003c30        0x0 linker stubs
 *(.glue_7t)
 .glue_7t       0x0000000008003c30        0x0 linker stubs
 *(.eh_frame)
 .eh_frame      0x0000000008003c30        0x0 C:/ST/STM32CubeIDE_1.14.0/STM32CubeIDE/plugins/com.st.stm32cube.ide.mcu.externaltools.gnu-tools-for-stm32.11.3.rel1.win32_1.1.100.202309141235/tools/bin/../lib/gcc/arm-none-eabi/11.3.1/thumb/v7e-m+fp/hard/crtbegin.o
 *(.init)
 .init          0x0000000008003c30        0x4 C:/ST/STM32CubeIDE_1.14.0/STM32CubeIDE/plugins/com.st.stm32cube.ide.mcu.externaltools.gnu-tools-for-stm32.11.3.rel1.win32_1.1.100.202309141235/tools/bin/../lib/gcc/arm-none-eabi/11.3.1/thumb/v7e-m+fp/hard/crti.o
                0x0000000008003c30                _init
 .init          0x0000000008003c34        0x8 C:/ST/STM32CubeIDE_1.14.0/STM32CubeIDE/plugins/com.st.stm32cube.ide.mcu.externaltools.gnu-tools-for-stm32.11.3.rel1.win32_1.1.100.202309141235/tools/bin/../lib/gcc/arm-none-eabi/11.3.1/thumb/v7e-m+fp/hard/crtn.o
 *(.fini)
 .fini          0x0000000008003c3c        0x4 C:/ST/STM32CubeIDE_1.14.0/STM32CubeIDE/plugins/com.st.stm32cube.ide.mcu.externaltools.gnu-tools-for-stm32.11.3.rel1.win32_1.1.100.202309141235/tools/bin/../lib/gcc/arm-none-eabi/11.3.1/thumb/v7e-m+fp/hard/crti.o
                0x0000000008003c3c                _fini
 .fini          0x0000000008003c40        0x8 C:/ST/STM32CubeIDE_1.14.0/STM32CubeIDE/plugins/com.st.stm32cube.ide.mcu.externaltools.gnu-tools-for-stm32.11.3.rel1.win32_1.1.100.202309141235/tools/bin/../lib/gcc/arm-none-eabi/11.3.1/thumb/v7e-m+fp/hard/crtn.o
                0x0000000008003c48                . = ALIGN (0x4)
                0x0000000008003c48                _etext = .

.vfp11_veneer   0x0000000008003c48        0x0
 .vfp11_veneer  0x0000000008003c48        0x0 linker stubs

.v4_bx          0x0000000008003c48        0x0
 .v4_bx         0x0000000008003c48        0x0 linker stubs

.iplt           0x0000000008003c48        0x0
 .iplt          0x0000000008003c48        0x0 C:/ST/STM32CubeIDE_1.14.0/STM32CubeIDE/plugins/com.st.stm32cube.ide.mcu.externaltools.gnu-tools-for-stm32.11.3.rel1.win32_1.1.100.202309141235/tools/bin/../lib/gcc/arm-none-eabi/11.3.1/thumb/v7e-m+fp/hard/crtbegin.o

.rodata         0x0000000008003c48       0x80
                0x0000000008003c48                . = ALIGN (0x4)
 *(.rodata)
 .rodata        0x0000000008003c48       0x10 ./Core/Src/liquidcrystal_i2c.o
 .rodata        0x0000000008003c58       0x16 ./Core/Src/main.o
 *(.rodata*)
 *fill*         0x0000000008003c6e        0x2 
 .rodata.AHBPrescTable
                0x0000000008003c70       0x10 ./Core/Src/system_stm32f3xx.o
                0x0000000008003c70                AHBPrescTable
 .rodata.aPLLMULFactorTable
                0x0000000008003c80       0x10 ./Drivers/STM32F3xx_HAL_Driver/Src/stm32f3xx_hal_rcc.o
 .rodata.aPredivFactorTable
                0x0000000008003c90       0x10 ./Drivers/STM32F3xx_HAL_Driver/Src/stm32f3xx_hal_rcc.o
 .rodata.__utoa.str1.1
                0x0000000008003ca0       0x25 C:/ST/STM32CubeIDE_1.14.0/STM32CubeIDE/plugins/com.st.stm32cube.ide.mcu.externaltools.gnu-tools-for-stm32.11.3.rel1.win32_1.1.100.202309141235/tools/bin/../lib/gcc/arm-none-eabi/11.3.1/../../../../arm-none-eabi/lib/thumb/v7e-m+fp/hard\libc_nano.a(libc_a-utoa.o)
                0x0000000008003cc8                . = ALIGN (0x4)
 *fill*         0x0000000008003cc5        0x3 

.rel.dyn        0x0000000008003cc8        0x0
 .rel.iplt      0x0000000008003cc8        0x0 C:/ST/STM32CubeIDE_1.14.0/STM32CubeIDE/plugins/com.st.stm32cube.ide.mcu.externaltools.gnu-tools-for-stm32.11.3.rel1.win32_1.1.100.202309141235/tools/bin/../lib/gcc/arm-none-eabi/11.3.1/thumb/v7e-m+fp/hard/crtbegin.o

.ARM.extab      0x0000000008003cc8        0x0
                0x0000000008003cc8                . = ALIGN (0x4)
 *(.ARM.extab* .gnu.linkonce.armextab.*)
                0x0000000008003cc8                . = ALIGN (0x4)

.ARM            0x0000000008003cc8        0x0
                0x0000000008003cc8                . = ALIGN (0x4)
                0x0000000008003cc8                __exidx_start = .
 *(.ARM.exidx*)
                0x0000000008003cc8                __exidx_end = .
                0x0000000008003cc8                . = ALIGN (0x4)

.preinit_array  0x0000000008003cc8        0x0
                0x0000000008003cc8                . = ALIGN (0x4)
                0x0000000008003cc8                PROVIDE (__preinit_array_start = .)
 *(.preinit_array*)
                0x0000000008003cc8                PROVIDE (__preinit_array_end = .)
                0x0000000008003cc8                . = ALIGN (0x4)

.init_array     0x0000000008003cc8        0x4
                0x0000000008003cc8                . = ALIGN (0x4)
                0x0000000008003cc8                PROVIDE (__init_array_start = .)
 *(SORT_BY_NAME(.init_array.*))
 *(.init_array*)
 .init_array    0x0000000008003cc8        0x4 C:/ST/STM32CubeIDE_1.14.0/STM32CubeIDE/plugins/com.st.stm32cube.ide.mcu.externaltools.gnu-tools-for-stm32.11.3.rel1.win32_1.1.100.202309141235/tools/bin/../lib/gcc/arm-none-eabi/11.3.1/thumb/v7e-m+fp/hard/crtbegin.o
                0x0000000008003ccc                PROVIDE (__init_array_end = .)
                0x0000000008003ccc                . = ALIGN (0x4)

.fini_array     0x0000000008003ccc        0x4
                0x0000000008003ccc                . = ALIGN (0x4)
                [!provide]                        PROVIDE (__fini_array_start = .)
 *(SORT_BY_NAME(.fini_array.*))
 *(.fini_array*)
 .fini_array    0x0000000008003ccc        0x4 C:/ST/STM32CubeIDE_1.14.0/STM32CubeIDE/plugins/com.st.stm32cube.ide.mcu.externaltools.gnu-tools-for-stm32.11.3.rel1.win32_1.1.100.202309141235/tools/bin/../lib/gcc/arm-none-eabi/11.3.1/thumb/v7e-m+fp/hard/crtbegin.o
                [!provide]                        PROVIDE (__fini_array_end = .)
                0x0000000008003cd0                . = ALIGN (0x4)
                0x0000000008003cd0                _sidata = LOADADDR (.data)

.data           0x0000000020000000       0x1c load address 0x0000000008003cd0
                0x0000000020000000                . = ALIGN (0x4)
                0x0000000020000000                _sdata = .
 *(.data)
 *(.data*)
 .data.special1
                0x0000000020000000        0x8 ./Core/Src/liquidcrystal_i2c.o
                0x0000000020000000                special1
 .data.special2
                0x0000000020000008        0x8 ./Core/Src/liquidcrystal_i2c.o
                0x0000000020000008                special2
 .data.SystemCoreClock
                0x0000000020000010        0x4 ./Core/Src/system_stm32f3xx.o
                0x0000000020000010                SystemCoreClock
 .data.uwTickPrio
                0x0000000020000014        0x4 ./Drivers/STM32F3xx_HAL_Driver/Src/stm32f3xx_hal.o
                0x0000000020000014                uwTickPrio
 .data.uwTickFreq
                0x0000000020000018        0x1 ./Drivers/STM32F3xx_HAL_Driver/Src/stm32f3xx_hal.o
                0x0000000020000018                uwTickFreq
 *(.RamFunc)
 *(.RamFunc*)
                0x000000002000001c                . = ALIGN (0x4)
 *fill*         0x0000000020000019        0x3 
                0x000000002000001c                _edata = .
                0x0000000008003cec                _siccmram = LOADADDR (.ccmram)

.igot.plt       0x000000002000001c        0x0 load address 0x0000000008003cec
 .igot.plt      0x000000002000001c        0x0 C:/ST/STM32CubeIDE_1.14.0/STM32CubeIDE/plugins/com.st.stm32cube.ide.mcu.externaltools.gnu-tools-for-stm32.11.3.rel1.win32_1.1.100.202309141235/tools/bin/../lib/gcc/arm-none-eabi/11.3.1/thumb/v7e-m+fp/hard/crtbegin.o

.ccmram         0x0000000010000000        0x0 load address 0x0000000008003cec
                0x0000000010000000                . = ALIGN (0x4)
                0x0000000010000000                _sccmram = .
 *(.ccmram)
 *(.ccmram*)
                0x0000000010000000                . = ALIGN (0x4)
                0x0000000010000000                _eccmram = .
                0x0000000010000000                . = ALIGN (0x4)

.bss            0x000000002000001c       0x84
                0x000000002000001c                _sbss = .
                0x000000002000001c                __bss_start__ = _sbss
 *(.bss)
 .bss           0x000000002000001c       0x1c C:/ST/STM32CubeIDE_1.14.0/STM32CubeIDE/plugins/com.st.stm32cube.ide.mcu.externaltools.gnu-tools-for-stm32.11.3.rel1.win32_1.1.100.202309141235/tools/bin/../lib/gcc/arm-none-eabi/11.3.1/thumb/v7e-m+fp/hard/crtbegin.o
 *(.bss*)
 .bss.dpFunction
                0x0000000020000038        0x1 ./Core/Src/liquidcrystal_i2c.o
                0x0000000020000038                dpFunction
 .bss.dpControl
                0x0000000020000039        0x1 ./Core/Src/liquidcrystal_i2c.o
                0x0000000020000039                dpControl
 .bss.dpMode    0x000000002000003a        0x1 ./Core/Src/liquidcrystal_i2c.o
                0x000000002000003a                dpMode
 .bss.dpRows    0x000000002000003b        0x1 ./Core/Src/liquidcrystal_i2c.o
                0x000000002000003b                dpRows
 .bss.dpBacklight
                0x000000002000003c        0x1 ./Core/Src/liquidcrystal_i2c.o
                0x000000002000003c                dpBacklight
 *fill*         0x000000002000003d        0x3 
 .bss.hi2c1     0x0000000020000040       0x54 ./Core/Src/main.o
                0x0000000020000040                hi2c1
 .bss.distance  0x0000000020000094        0x2 ./Core/Src/main.o
                0x0000000020000094                distance
 .bss.wlevel    0x0000000020000096        0x2 ./Core/Src/main.o
                0x0000000020000096                wlevel
 .bss.sensor_time
                0x0000000020000098        0x4 ./Core/Src/main.o
                0x0000000020000098                sensor_time
 .bss.uwTick    0x000000002000009c        0x4 ./Drivers/STM32F3xx_HAL_Driver/Src/stm32f3xx_hal.o
                0x000000002000009c                uwTick
 *(COMMON)
                0x00000000200000a0                . = ALIGN (0x4)
                0x00000000200000a0                _ebss = .
                0x00000000200000a0                __bss_end__ = _ebss

._user_heap_stack
                0x00000000200000a0      0x600
                0x00000000200000a0                . = ALIGN (0x8)
                [!provide]                        PROVIDE (end = .)
                0x00000000200000a0                PROVIDE (_end = .)
                0x00000000200002a0                . = (. + _Min_Heap_Size)
 *fill*         0x00000000200000a0      0x200 
                0x00000000200006a0                . = (. + _Min_Stack_Size)
 *fill*         0x00000000200002a0      0x400 
                0x00000000200006a0                . = ALIGN (0x8)

/DISCARD/
 libc.a(*)
 libm.a(*)
 libgcc.a(*)

.ARM.attributes
                0x0000000000000000       0x30
 *(.ARM.attributes)
 .ARM.attributes
                0x0000000000000000       0x1e C:/ST/STM32CubeIDE_1.14.0/STM32CubeIDE/plugins/com.st.stm32cube.ide.mcu.externaltools.gnu-tools-for-stm32.11.3.rel1.win32_1.1.100.202309141235/tools/bin/../lib/gcc/arm-none-eabi/11.3.1/thumb/v7e-m+fp/hard/crti.o
 .ARM.attributes
                0x000000000000001e       0x34 C:/ST/STM32CubeIDE_1.14.0/STM32CubeIDE/plugins/com.st.stm32cube.ide.mcu.externaltools.gnu-tools-for-stm32.11.3.rel1.win32_1.1.100.202309141235/tools/bin/../lib/gcc/arm-none-eabi/11.3.1/thumb/v7e-m+fp/hard/crtbegin.o
 .ARM.attributes
                0x0000000000000052       0x34 ./Core/Src/dwt_stm32_delay.o
 .ARM.attributes
                0x0000000000000086       0x34 ./Core/Src/liquidcrystal_i2c.o
 .ARM.attributes
                0x00000000000000ba       0x34 ./Core/Src/main.o
 .ARM.attributes
                0x00000000000000ee       0x34 ./Core/Src/stm32f3xx_hal_msp.o
 .ARM.attributes
                0x0000000000000122       0x34 ./Core/Src/stm32f3xx_it.o
 .ARM.attributes
                0x0000000000000156       0x34 ./Core/Src/system_stm32f3xx.o
 .ARM.attributes
                0x000000000000018a       0x21 ./Core/Startup/startup_stm32f303retx.o
 .ARM.attributes
                0x00000000000001ab       0x34 ./Drivers/STM32F3xx_HAL_Driver/Src/stm32f3xx_hal.o
 .ARM.attributes
                0x00000000000001df       0x34 ./Drivers/STM32F3xx_HAL_Driver/Src/stm32f3xx_hal_cortex.o
 .ARM.attributes
                0x0000000000000213       0x34 ./Drivers/STM32F3xx_HAL_Driver/Src/stm32f3xx_hal_gpio.o
 .ARM.attributes
                0x0000000000000247       0x34 ./Drivers/STM32F3xx_HAL_Driver/Src/stm32f3xx_hal_i2c.o
 .ARM.attributes
                0x000000000000027b       0x34 ./Drivers/STM32F3xx_HAL_Driver/Src/stm32f3xx_hal_i2c_ex.o
 .ARM.attributes
                0x00000000000002af       0x34 ./Drivers/STM32F3xx_HAL_Driver/Src/stm32f3xx_hal_rcc.o
 .ARM.attributes
                0x00000000000002e3       0x34 ./Drivers/STM32F3xx_HAL_Driver/Src/stm32f3xx_hal_rcc_ex.o
 .ARM.attributes
                0x0000000000000317       0x34 C:/ST/STM32CubeIDE_1.14.0/STM32CubeIDE/plugins/com.st.stm32cube.ide.mcu.externaltools.gnu-tools-for-stm32.11.3.rel1.win32_1.1.100.202309141235/tools/bin/../lib/gcc/arm-none-eabi/11.3.1/../../../../arm-none-eabi/lib/thumb/v7e-m+fp/hard\libc_nano.a(libc_a-itoa.o)
 .ARM.attributes
                0x000000000000034b       0x34 C:/ST/STM32CubeIDE_1.14.0/STM32CubeIDE/plugins/com.st.stm32cube.ide.mcu.externaltools.gnu-tools-for-stm32.11.3.rel1.win32_1.1.100.202309141235/tools/bin/../lib/gcc/arm-none-eabi/11.3.1/../../../../arm-none-eabi/lib/thumb/v7e-m+fp/hard\libc_nano.a(libc_a-utoa.o)
 .ARM.attributes
                0x000000000000037f       0x34 C:/ST/STM32CubeIDE_1.14.0/STM32CubeIDE/plugins/com.st.stm32cube.ide.mcu.externaltools.gnu-tools-for-stm32.11.3.rel1.win32_1.1.100.202309141235/tools/bin/../lib/gcc/arm-none-eabi/11.3.1/../../../../arm-none-eabi/lib/thumb/v7e-m+fp/hard\libc_nano.a(libc_a-memset.o)
 .ARM.attributes
                0x00000000000003b3       0x34 C:/ST/STM32CubeIDE_1.14.0/STM32CubeIDE/plugins/com.st.stm32cube.ide.mcu.externaltools.gnu-tools-for-stm32.11.3.rel1.win32_1.1.100.202309141235/tools/bin/../lib/gcc/arm-none-eabi/11.3.1/../../../../arm-none-eabi/lib/thumb/v7e-m+fp/hard\libc_nano.a(libc_a-init.o)
 .ARM.attributes
                0x00000000000003e7       0x1e C:/ST/STM32CubeIDE_1.14.0/STM32CubeIDE/plugins/com.st.stm32cube.ide.mcu.externaltools.gnu-tools-for-stm32.11.3.rel1.win32_1.1.100.202309141235/tools/bin/../lib/gcc/arm-none-eabi/11.3.1/thumb/v7e-m+fp/hard\libgcc.a(_arm_addsubdf3.o)
 .ARM.attributes
                0x0000000000000405       0x1e C:/ST/STM32CubeIDE_1.14.0/STM32CubeIDE/plugins/com.st.stm32cube.ide.mcu.externaltools.gnu-tools-for-stm32.11.3.rel1.win32_1.1.100.202309141235/tools/bin/../lib/gcc/arm-none-eabi/11.3.1/thumb/v7e-m+fp/hard\libgcc.a(_arm_muldivdf3.o)
 .ARM.attributes
                0x0000000000000423       0x1e C:/ST/STM32CubeIDE_1.14.0/STM32CubeIDE/plugins/com.st.stm32cube.ide.mcu.externaltools.gnu-tools-for-stm32.11.3.rel1.win32_1.1.100.202309141235/tools/bin/../lib/gcc/arm-none-eabi/11.3.1/thumb/v7e-m+fp/hard\libgcc.a(_arm_fixunsdfsi.o)
 .ARM.attributes
                0x0000000000000441       0x1e C:/ST/STM32CubeIDE_1.14.0/STM32CubeIDE/plugins/com.st.stm32cube.ide.mcu.externaltools.gnu-tools-for-stm32.11.3.rel1.win32_1.1.100.202309141235/tools/bin/../lib/gcc/arm-none-eabi/11.3.1/thumb/v7e-m+fp/hard/crtn.o
OUTPUT(uzaklik.elf elf32-littlearm)
LOAD linker stubs
LOAD C:/ST/STM32CubeIDE_1.14.0/STM32CubeIDE/plugins/com.st.stm32cube.ide.mcu.externaltools.gnu-tools-for-stm32.11.3.rel1.win32_1.1.100.202309141235/tools/bin/../lib/gcc/arm-none-eabi/11.3.1/../../../../arm-none-eabi/lib/thumb/v7e-m+fp/hard\libc.a
LOAD C:/ST/STM32CubeIDE_1.14.0/STM32CubeIDE/plugins/com.st.stm32cube.ide.mcu.externaltools.gnu-tools-for-stm32.11.3.rel1.win32_1.1.100.202309141235/tools/bin/../lib/gcc/arm-none-eabi/11.3.1/../../../../arm-none-eabi/lib/thumb/v7e-m+fp/hard\libm.a
LOAD C:/ST/STM32CubeIDE_1.14.0/STM32CubeIDE/plugins/com.st.stm32cube.ide.mcu.externaltools.gnu-tools-for-stm32.11.3.rel1.win32_1.1.100.202309141235/tools/bin/../lib/gcc/arm-none-eabi/11.3.1/thumb/v7e-m+fp/hard\libgcc.a

.comment        0x0000000000000000       0x43
 .comment       0x0000000000000000       0x43 C:/ST/STM32CubeIDE_1.14.0/STM32CubeIDE/plugins/com.st.stm32cube.ide.mcu.externaltools.gnu-tools-for-stm32.11.3.rel1.win32_1.1.100.202309141235/tools/bin/../lib/gcc/arm-none-eabi/11.3.1/thumb/v7e-m+fp/hard/crtbegin.o
                                         0x44 (size before relaxing)
 .comment       0x0000000000000043       0x44 ./Core/Src/dwt_stm32_delay.o
 .comment       0x0000000000000043       0x44 ./Core/Src/liquidcrystal_i2c.o
 .comment       0x0000000000000043       0x44 ./Core/Src/main.o
 .comment       0x0000000000000043       0x44 ./Core/Src/stm32f3xx_hal_msp.o
 .comment       0x0000000000000043       0x44 ./Core/Src/stm32f3xx_it.o
 .comment       0x0000000000000043       0x44 ./Core/Src/system_stm32f3xx.o
 .comment       0x0000000000000043       0x44 ./Drivers/STM32F3xx_HAL_Driver/Src/stm32f3xx_hal.o
 .comment       0x0000000000000043       0x44 ./Drivers/STM32F3xx_HAL_Driver/Src/stm32f3xx_hal_cortex.o
 .comment       0x0000000000000043       0x44 ./Drivers/STM32F3xx_HAL_Driver/Src/stm32f3xx_hal_gpio.o
 .comment       0x0000000000000043       0x44 ./Drivers/STM32F3xx_HAL_Driver/Src/stm32f3xx_hal_i2c.o
 .comment       0x0000000000000043       0x44 ./Drivers/STM32F3xx_HAL_Driver/Src/stm32f3xx_hal_i2c_ex.o
 .comment       0x0000000000000043       0x44 ./Drivers/STM32F3xx_HAL_Driver/Src/stm32f3xx_hal_rcc.o
 .comment       0x0000000000000043       0x44 ./Drivers/STM32F3xx_HAL_Driver/Src/stm32f3xx_hal_rcc_ex.o

.debug_info     0x0000000000000000     0x8bd1
 .debug_info    0x0000000000000000      0x22c ./Core/Src/dwt_stm32_delay.o
 .debug_info    0x000000000000022c      0xc61 ./Core/Src/liquidcrystal_i2c.o
 .debug_info    0x0000000000000e8d      0xf7c ./Core/Src/main.o
 .debug_info    0x0000000000001e09      0x88a ./Core/Src/stm32f3xx_hal_msp.o
 .debug_info    0x0000000000002693      0x113 ./Core/Src/stm32f3xx_it.o
 .debug_info    0x00000000000027a6      0x407 ./Core/Src/system_stm32f3xx.o
 .debug_info    0x0000000000002bad       0x23 ./Core/Startup/startup_stm32f303retx.o
 .debug_info    0x0000000000002bd0      0x804 ./Drivers/STM32F3xx_HAL_Driver/Src/stm32f3xx_hal.o
 .debug_info    0x00000000000033d4      0xcdf ./Drivers/STM32F3xx_HAL_Driver/Src/stm32f3xx_hal_cortex.o
 .debug_info    0x00000000000040b3      0x6a6 ./Drivers/STM32F3xx_HAL_Driver/Src/stm32f3xx_hal_gpio.o
 .debug_info    0x0000000000004759     0x2048 ./Drivers/STM32F3xx_HAL_Driver/Src/stm32f3xx_hal_i2c.o
 .debug_info    0x00000000000067a1      0x8cc ./Drivers/STM32F3xx_HAL_Driver/Src/stm32f3xx_hal_i2c_ex.o
 .debug_info    0x000000000000706d     0x1501 ./Drivers/STM32F3xx_HAL_Driver/Src/stm32f3xx_hal_rcc.o
 .debug_info    0x000000000000856e      0x663 ./Drivers/STM32F3xx_HAL_Driver/Src/stm32f3xx_hal_rcc_ex.o

.debug_abbrev   0x0000000000000000     0x1a3d
 .debug_abbrev  0x0000000000000000       0xab ./Core/Src/dwt_stm32_delay.o
 .debug_abbrev  0x00000000000000ab      0x2d7 ./Core/Src/liquidcrystal_i2c.o
 .debug_abbrev  0x0000000000000382      0x2fe ./Core/Src/main.o
 .debug_abbrev  0x0000000000000680      0x1af ./Core/Src/stm32f3xx_hal_msp.o
 .debug_abbrev  0x000000000000082f       0x73 ./Core/Src/stm32f3xx_it.o
 .debug_abbrev  0x00000000000008a2      0x11a ./Core/Src/system_stm32f3xx.o
 .debug_abbrev  0x00000000000009bc       0x12 ./Core/Startup/startup_stm32f303retx.o
 .debug_abbrev  0x00000000000009ce      0x215 ./Drivers/STM32F3xx_HAL_Driver/Src/stm32f3xx_hal.o
 .debug_abbrev  0x0000000000000be3      0x329 ./Drivers/STM32F3xx_HAL_Driver/Src/stm32f3xx_hal_cortex.o
 .debug_abbrev  0x0000000000000f0c      0x1ca ./Drivers/STM32F3xx_HAL_Driver/Src/stm32f3xx_hal_gpio.o
 .debug_abbrev  0x00000000000010d6      0x260 ./Drivers/STM32F3xx_HAL_Driver/Src/stm32f3xx_hal_i2c.o
 .debug_abbrev  0x0000000000001336      0x1c2 ./Drivers/STM32F3xx_HAL_Driver/Src/stm32f3xx_hal_i2c_ex.o
 .debug_abbrev  0x00000000000014f8      0x300 ./Drivers/STM32F3xx_HAL_Driver/Src/stm32f3xx_hal_rcc.o
 .debug_abbrev  0x00000000000017f8      0x245 ./Drivers/STM32F3xx_HAL_Driver/Src/stm32f3xx_hal_rcc_ex.o

.debug_aranges  0x0000000000000000      0x858
 .debug_aranges
                0x0000000000000000       0x20 ./Core/Src/dwt_stm32_delay.o
 .debug_aranges
                0x0000000000000020      0x110 ./Core/Src/liquidcrystal_i2c.o
 .debug_aranges
                0x0000000000000130       0x50 ./Core/Src/main.o
 .debug_aranges
                0x0000000000000180       0x30 ./Core/Src/stm32f3xx_hal_msp.o
 .debug_aranges
                0x00000000000001b0       0x60 ./Core/Src/stm32f3xx_it.o
 .debug_aranges
                0x0000000000000210       0x28 ./Core/Src/system_stm32f3xx.o
 .debug_aranges
                0x0000000000000238       0x28 ./Core/Startup/startup_stm32f303retx.o
 .debug_aranges
                0x0000000000000260       0xe0 ./Drivers/STM32F3xx_HAL_Driver/Src/stm32f3xx_hal.o
 .debug_aranges
                0x0000000000000340      0x118 ./Drivers/STM32F3xx_HAL_Driver/Src/stm32f3xx_hal_cortex.o
 .debug_aranges
                0x0000000000000458       0x58 ./Drivers/STM32F3xx_HAL_Driver/Src/stm32f3xx_hal_gpio.o
 .debug_aranges
                0x00000000000004b0      0x2a0 ./Drivers/STM32F3xx_HAL_Driver/Src/stm32f3xx_hal_i2c.o
 .debug_aranges
                0x0000000000000750       0x48 ./Drivers/STM32F3xx_HAL_Driver/Src/stm32f3xx_hal_i2c_ex.o
 .debug_aranges
                0x0000000000000798       0x88 ./Drivers/STM32F3xx_HAL_Driver/Src/stm32f3xx_hal_rcc.o
 .debug_aranges
                0x0000000000000820       0x38 ./Drivers/STM32F3xx_HAL_Driver/Src/stm32f3xx_hal_rcc_ex.o

.debug_rnglists
                0x0000000000000000      0x648
 .debug_rnglists
                0x0000000000000000       0x13 ./Core/Src/dwt_stm32_delay.o
 .debug_rnglists
                0x0000000000000013       0xc8 ./Core/Src/liquidcrystal_i2c.o
 .debug_rnglists
                0x00000000000000db       0x3b ./Core/Src/main.o
 .debug_rnglists
                0x0000000000000116       0x20 ./Core/Src/stm32f3xx_hal_msp.o
 .debug_rnglists
                0x0000000000000136       0x43 ./Core/Src/stm32f3xx_it.o
 .debug_rnglists
                0x0000000000000179       0x1a ./Core/Src/system_stm32f3xx.o
 .debug_rnglists
                0x0000000000000193       0x19 ./Core/Startup/startup_stm32f303retx.o
 .debug_rnglists
                0x00000000000001ac       0xa3 ./Drivers/STM32F3xx_HAL_Driver/Src/stm32f3xx_hal.o
 .debug_rnglists
                0x000000000000024f       0xce ./Drivers/STM32F3xx_HAL_Driver/Src/stm32f3xx_hal_cortex.o
 .debug_rnglists
                0x000000000000031d       0x3f ./Drivers/STM32F3xx_HAL_Driver/Src/stm32f3xx_hal_gpio.o
 .debug_rnglists
                0x000000000000035c      0x228 ./Drivers/STM32F3xx_HAL_Driver/Src/stm32f3xx_hal_i2c.o
 .debug_rnglists
                0x0000000000000584       0x35 ./Drivers/STM32F3xx_HAL_Driver/Src/stm32f3xx_hal_i2c_ex.o
 .debug_rnglists
                0x00000000000005b9       0x66 ./Drivers/STM32F3xx_HAL_Driver/Src/stm32f3xx_hal_rcc.o
 .debug_rnglists
                0x000000000000061f       0x29 ./Drivers/STM32F3xx_HAL_Driver/Src/stm32f3xx_hal_rcc_ex.o

.debug_macro    0x0000000000000000    0x1f87a
 .debug_macro   0x0000000000000000      0x1c8 ./Core/Src/dwt_stm32_delay.o
 .debug_macro   0x00000000000001c8      0xaa8 ./Core/Src/dwt_stm32_delay.o
 .debug_macro   0x0000000000000c70      0x14b ./Core/Src/dwt_stm32_delay.o
 .debug_macro   0x0000000000000dbb       0x2e ./Core/Src/dwt_stm32_delay.o
 .debug_macro   0x0000000000000de9       0x28 ./Core/Src/dwt_stm32_delay.o
 .debug_macro   0x0000000000000e11       0x22 ./Core/Src/dwt_stm32_delay.o
 .debug_macro   0x0000000000000e33       0x8e ./Core/Src/dwt_stm32_delay.o
 .debug_macro   0x0000000000000ec1       0x51 ./Core/Src/dwt_stm32_delay.o
 .debug_macro   0x0000000000000f12      0x103 ./Core/Src/dwt_stm32_delay.o
 .debug_macro   0x0000000000001015       0x6a ./Core/Src/dwt_stm32_delay.o
 .debug_macro   0x000000000000107f      0x1df ./Core/Src/dwt_stm32_delay.o
 .debug_macro   0x000000000000125e       0x1c ./Core/Src/dwt_stm32_delay.o
 .debug_macro   0x000000000000127a       0x22 ./Core/Src/dwt_stm32_delay.o
 .debug_macro   0x000000000000129c       0xd9 ./Core/Src/dwt_stm32_delay.o
 .debug_macro   0x0000000000001375     0x102d ./Core/Src/dwt_stm32_delay.o
 .debug_macro   0x00000000000023a2      0x11f ./Core/Src/dwt_stm32_delay.o
 .debug_macro   0x00000000000024c1    0x1535a ./Core/Src/dwt_stm32_delay.o
 .debug_macro   0x000000000001781b       0x6d ./Core/Src/dwt_stm32_delay.o
 .debug_macro   0x0000000000017888     0x3558 ./Core/Src/dwt_stm32_delay.o
 .debug_macro   0x000000000001ade0      0x174 ./Core/Src/dwt_stm32_delay.o
 .debug_macro   0x000000000001af54       0x55 ./Core/Src/dwt_stm32_delay.o
 .debug_macro   0x000000000001afa9      0x953 ./Core/Src/dwt_stm32_delay.o
 .debug_macro   0x000000000001b8fc      0x84a ./Core/Src/dwt_stm32_delay.o
 .debug_macro   0x000000000001c146      0x1b5 ./Core/Src/dwt_stm32_delay.o
 .debug_macro   0x000000000001c2fb      0x23a ./Core/Src/dwt_stm32_delay.o
 .debug_macro   0x000000000001c535      0x1ea ./Core/Src/dwt_stm32_delay.o
 .debug_macro   0x000000000001c71f      0x1bc ./Core/Src/dwt_stm32_delay.o
 .debug_macro   0x000000000001c8db       0x30 ./Core/Src/dwt_stm32_delay.o
 .debug_macro   0x000000000001c90b       0x3c ./Core/Src/dwt_stm32_delay.o
 .debug_macro   0x000000000001c947      0x235 ./Core/Src/dwt_stm32_delay.o
 .debug_macro   0x000000000001cb7c       0xc5 ./Core/Src/dwt_stm32_delay.o
 .debug_macro   0x000000000001cc41      0x21d ./Core/Src/dwt_stm32_delay.o
 .debug_macro   0x000000000001ce5e      0x22c ./Core/Src/dwt_stm32_delay.o
 .debug_macro   0x000000000001d08a       0x5b ./Core/Src/dwt_stm32_delay.o
 .debug_macro   0x000000000001d0e5       0xa5 ./Core/Src/dwt_stm32_delay.o
 .debug_macro   0x000000000001d18a       0x81 ./Core/Src/dwt_stm32_delay.o
 .debug_macro   0x000000000001d20b       0xd3 ./Core/Src/dwt_stm32_delay.o
 .debug_macro   0x000000000001d2de      0x347 ./Core/Src/dwt_stm32_delay.o
 .debug_macro   0x000000000001d625       0xd0 ./Core/Src/dwt_stm32_delay.o
 .debug_macro   0x000000000001d6f5      0x1be ./Core/Src/liquidcrystal_i2c.o
 .debug_macro   0x000000000001d8b3      0x308 ./Core/Src/main.o
 .debug_macro   0x000000000001dbbb       0x61 ./Core/Src/main.o
 .debug_macro   0x000000000001dc1c       0x2a ./Core/Src/main.o
 .debug_macro   0x000000000001dc46       0x43 ./Core/Src/main.o
 .debug_macro   0x000000000001dc89       0x34 ./Core/Src/main.o
 .debug_macro   0x000000000001dcbd       0x16 ./Core/Src/main.o
 .debug_macro   0x000000000001dcd3       0x35 ./Core/Src/main.o
 .debug_macro   0x000000000001dd08      0x369 ./Core/Src/main.o
 .debug_macro   0x000000000001e071       0x10 ./Core/Src/main.o
 .debug_macro   0x000000000001e081       0x16 ./Core/Src/main.o
 .debug_macro   0x000000000001e097       0x43 ./Core/Src/main.o
 .debug_macro   0x000000000001e0da       0x34 ./Core/Src/main.o
 .debug_macro   0x000000000001e10e       0x10 ./Core/Src/main.o
 .debug_macro   0x000000000001e11e       0x58 ./Core/Src/main.o
 .debug_macro   0x000000000001e176       0x8e ./Core/Src/main.o
 .debug_macro   0x000000000001e204       0x1c ./Core/Src/main.o
 .debug_macro   0x000000000001e220      0x177 ./Core/Src/main.o
 .debug_macro   0x000000000001e397       0x16 ./Core/Src/main.o
 .debug_macro   0x000000000001e3ad       0x16 ./Core/Src/main.o
 .debug_macro   0x000000000001e3c3      0x147 ./Core/Src/main.o
 .debug_macro   0x000000000001e50a       0x16 ./Core/Src/main.o
 .debug_macro   0x000000000001e520       0x16 ./Core/Src/main.o
 .debug_macro   0x000000000001e536       0x29 ./Core/Src/main.o
 .debug_macro   0x000000000001e55f       0x16 ./Core/Src/main.o
 .debug_macro   0x000000000001e575       0x20 ./Core/Src/main.o
 .debug_macro   0x000000000001e595       0xd6 ./Core/Src/main.o
 .debug_macro   0x000000000001e66b      0x1b9 ./Core/Src/stm32f3xx_hal_msp.o
 .debug_macro   0x000000000001e824      0x1c3 ./Core/Src/stm32f3xx_it.o
 .debug_macro   0x000000000001e9e7      0x1af ./Core/Src/system_stm32f3xx.o
 .debug_macro   0x000000000001eb96      0x1d3 ./Drivers/STM32F3xx_HAL_Driver/Src/stm32f3xx_hal.o
 .debug_macro   0x000000000001ed69      0x1af ./Drivers/STM32F3xx_HAL_Driver/Src/stm32f3xx_hal_cortex.o
 .debug_macro   0x000000000001ef18      0x1b6 ./Drivers/STM32F3xx_HAL_Driver/Src/stm32f3xx_hal_gpio.o
 .debug_macro   0x000000000001f0ce      0x27b ./Drivers/STM32F3xx_HAL_Driver/Src/stm32f3xx_hal_i2c.o
 .debug_macro   0x000000000001f349      0x1af ./Drivers/STM32F3xx_HAL_Driver/Src/stm32f3xx_hal_i2c_ex.o
 .debug_macro   0x000000000001f4f8      0x1d3 ./Drivers/STM32F3xx_HAL_Driver/Src/stm32f3xx_hal_rcc.o
 .debug_macro   0x000000000001f6cb      0x1af ./Drivers/STM32F3xx_HAL_Driver/Src/stm32f3xx_hal_rcc_ex.o

.debug_line     0x0000000000000000     0xb932
 .debug_line    0x0000000000000000      0x752 ./Core/Src/dwt_stm32_delay.o
 .debug_line    0x0000000000000752      0xaf4 ./Core/Src/liquidcrystal_i2c.o
 .debug_line    0x0000000000001246      0xabd ./Core/Src/main.o
 .debug_line    0x0000000000001d03      0x764 ./Core/Src/stm32f3xx_hal_msp.o
 .debug_line    0x0000000000002467      0x7d8 ./Core/Src/stm32f3xx_it.o
 .debug_line    0x0000000000002c3f      0x791 ./Core/Src/system_stm32f3xx.o
 .debug_line    0x00000000000033d0       0x7a ./Core/Startup/startup_stm32f303retx.o
 .debug_line    0x000000000000344a      0x9c1 ./Drivers/STM32F3xx_HAL_Driver/Src/stm32f3xx_hal.o
 .debug_line    0x0000000000003e0b      0xc86 ./Drivers/STM32F3xx_HAL_Driver/Src/stm32f3xx_hal_cortex.o
 .debug_line    0x0000000000004a91      0xb48 ./Drivers/STM32F3xx_HAL_Driver/Src/stm32f3xx_hal_gpio.o
 .debug_line    0x00000000000055d9     0x379a ./Drivers/STM32F3xx_HAL_Driver/Src/stm32f3xx_hal_i2c.o
 .debug_line    0x0000000000008d73      0x933 ./Drivers/STM32F3xx_HAL_Driver/Src/stm32f3xx_hal_i2c_ex.o
 .debug_line    0x00000000000096a6     0x13b3 ./Drivers/STM32F3xx_HAL_Driver/Src/stm32f3xx_hal_rcc.o
 .debug_line    0x000000000000aa59      0xed9 ./Drivers/STM32F3xx_HAL_Driver/Src/stm32f3xx_hal_rcc_ex.o

.debug_str      0x0000000000000000    0xbc2d5
 .debug_str     0x0000000000000000    0xb5d3c ./Core/Src/dwt_stm32_delay.o
                                      0xb63e0 (size before relaxing)
 .debug_str     0x00000000000b5d3c      0x745 ./Core/Src/liquidcrystal_i2c.o
                                      0xb6b95 (size before relaxing)
 .debug_str     0x00000000000b6481     0x3dac ./Core/Src/main.o
                                      0xba6d4 (size before relaxing)
 .debug_str     0x00000000000ba22d       0x63 ./Core/Src/stm32f3xx_hal_msp.o
                                      0xb6644 (size before relaxing)
 .debug_str     0x00000000000ba290       0xc9 ./Core/Src/stm32f3xx_it.o
                                      0xb60e0 (size before relaxing)
 .debug_str     0x00000000000ba359       0xcf ./Core/Src/system_stm32f3xx.o
                                      0xb616f (size before relaxing)
 .debug_str     0x00000000000ba428       0x34 ./Core/Startup/startup_stm32f303retx.o
                                         0x77 (size before relaxing)
 .debug_str     0x00000000000ba45c      0x718 ./Drivers/STM32F3xx_HAL_Driver/Src/stm32f3xx_hal.o
                                      0xb6a18 (size before relaxing)
 .debug_str     0x00000000000bab74      0x36c ./Drivers/STM32F3xx_HAL_Driver/Src/stm32f3xx_hal_cortex.o
                                      0xb6a6a (size before relaxing)
 .debug_str     0x00000000000baee0      0x179 ./Drivers/STM32F3xx_HAL_Driver/Src/stm32f3xx_hal_gpio.o
                                      0xb6354 (size before relaxing)
 .debug_str     0x00000000000bb059      0xe48 ./Drivers/STM32F3xx_HAL_Driver/Src/stm32f3xx_hal_i2c.o
                                      0xb7472 (size before relaxing)
 .debug_str     0x00000000000bbea1       0xb8 ./Drivers/STM32F3xx_HAL_Driver/Src/stm32f3xx_hal_i2c_ex.o
                                      0xb671c (size before relaxing)
 .debug_str     0x00000000000bbf59      0x2be ./Drivers/STM32F3xx_HAL_Driver/Src/stm32f3xx_hal_rcc.o
                                      0xb6613 (size before relaxing)
 .debug_str     0x00000000000bc217       0xbe ./Drivers/STM32F3xx_HAL_Driver/Src/stm32f3xx_hal_rcc_ex.o
                                      0xb645d (size before relaxing)

.debug_frame    0x0000000000000000     0x21f0
 .debug_frame   0x0000000000000000       0x30 ./Core/Src/dwt_stm32_delay.o
 .debug_frame   0x0000000000000030      0x3f0 ./Core/Src/liquidcrystal_i2c.o
 .debug_frame   0x0000000000000420       0xf8 ./Core/Src/main.o
 .debug_frame   0x0000000000000518       0x80 ./Core/Src/stm32f3xx_hal_msp.o
 .debug_frame   0x0000000000000598      0x104 ./Core/Src/stm32f3xx_it.o
 .debug_frame   0x000000000000069c       0x58 ./Core/Src/system_stm32f3xx.o
 .debug_frame   0x00000000000006f4      0x334 ./Drivers/STM32F3xx_HAL_Driver/Src/stm32f3xx_hal.o
 .debug_frame   0x0000000000000a28      0x498 ./Drivers/STM32F3xx_HAL_Driver/Src/stm32f3xx_hal_cortex.o
 .debug_frame   0x0000000000000ec0      0x14c ./Drivers/STM32F3xx_HAL_Driver/Src/stm32f3xx_hal_gpio.o
 .debug_frame   0x000000000000100c      0xc34 ./Drivers/STM32F3xx_HAL_Driver/Src/stm32f3xx_hal_i2c.o
 .debug_frame   0x0000000000001c40      0x100 ./Drivers/STM32F3xx_HAL_Driver/Src/stm32f3xx_hal_i2c_ex.o
 .debug_frame   0x0000000000001d40      0x214 ./Drivers/STM32F3xx_HAL_Driver/Src/stm32f3xx_hal_rcc.o
 .debug_frame   0x0000000000001f54       0xb0 ./Drivers/STM32F3xx_HAL_Driver/Src/stm32f3xx_hal_rcc_ex.o
 .debug_frame   0x0000000000002004       0x38 C:/ST/STM32CubeIDE_1.14.0/STM32CubeIDE/plugins/com.st.stm32cube.ide.mcu.externaltools.gnu-tools-for-stm32.11.3.rel1.win32_1.1.100.202309141235/tools/bin/../lib/gcc/arm-none-eabi/11.3.1/../../../../arm-none-eabi/lib/thumb/v7e-m+fp/hard\libc_nano.a(libc_a-itoa.o)
 .debug_frame   0x000000000000203c       0x48 C:/ST/STM32CubeIDE_1.14.0/STM32CubeIDE/plugins/com.st.stm32cube.ide.mcu.externaltools.gnu-tools-for-stm32.11.3.rel1.win32_1.1.100.202309141235/tools/bin/../lib/gcc/arm-none-eabi/11.3.1/../../../../arm-none-eabi/lib/thumb/v7e-m+fp/hard\libc_nano.a(libc_a-utoa.o)
 .debug_frame   0x0000000000002084       0x20 C:/ST/STM32CubeIDE_1.14.0/STM32CubeIDE/plugins/com.st.stm32cube.ide.mcu.externaltools.gnu-tools-for-stm32.11.3.rel1.win32_1.1.100.202309141235/tools/bin/../lib/gcc/arm-none-eabi/11.3.1/../../../../arm-none-eabi/lib/thumb/v7e-m+fp/hard\libc_nano.a(libc_a-memset.o)
 .debug_frame   0x00000000000020a4       0x2c C:/ST/STM32CubeIDE_1.14.0/STM32CubeIDE/plugins/com.st.stm32cube.ide.mcu.externaltools.gnu-tools-for-stm32.11.3.rel1.win32_1.1.100.202309141235/tools/bin/../lib/gcc/arm-none-eabi/11.3.1/../../../../arm-none-eabi/lib/thumb/v7e-m+fp/hard\libc_nano.a(libc_a-init.o)
 .debug_frame   0x00000000000020d0       0xac C:/ST/STM32CubeIDE_1.14.0/STM32CubeIDE/plugins/com.st.stm32cube.ide.mcu.externaltools.gnu-tools-for-stm32.11.3.rel1.win32_1.1.100.202309141235/tools/bin/../lib/gcc/arm-none-eabi/11.3.1/thumb/v7e-m+fp/hard\libgcc.a(_arm_addsubdf3.o)
 .debug_frame   0x000000000000217c       0x50 C:/ST/STM32CubeIDE_1.14.0/STM32CubeIDE/plugins/com.st.stm32cube.ide.mcu.externaltools.gnu-tools-for-stm32.11.3.rel1.win32_1.1.100.202309141235/tools/bin/../lib/gcc/arm-none-eabi/11.3.1/thumb/v7e-m+fp/hard\libgcc.a(_arm_muldivdf3.o)
 .debug_frame   0x00000000000021cc       0x24 C:/ST/STM32CubeIDE_1.14.0/STM32CubeIDE/plugins/com.st.stm32cube.ide.mcu.externaltools.gnu-tools-for-stm32.11.3.rel1.win32_1.1.100.202309141235/tools/bin/../lib/gcc/arm-none-eabi/11.3.1/thumb/v7e-m+fp/hard\libgcc.a(_arm_fixunsdfsi.o)

.debug_line_str
                0x0000000000000000       0x6b
 .debug_line_str
                0x0000000000000000       0x6b ./Core/Startup/startup_stm32f303retx.o
                                         0x83 (size before relaxing)
