Component: Arm Compiler for Embedded 6.19 Tool: armlink [5e73cb00]

==============================================================================

Section Cross References

    startup_stm32f407xx.o(STACK) refers (Special) to heapauxi.o(.text) for __use_two_region_memory
    startup_stm32f407xx.o(HEAP) refers (Special) to heapauxi.o(.text) for __use_two_region_memory
    startup_stm32f407xx.o(RESET) refers (Special) to heapauxi.o(.text) for __use_two_region_memory
    startup_stm32f407xx.o(RESET) refers to startup_stm32f407xx.o(STACK) for __initial_sp
    startup_stm32f407xx.o(RESET) refers to startup_stm32f407xx.o(.text) for Reset_Handler
    startup_stm32f407xx.o(RESET) refers to stm32f4xx_it.o(.text.NMI_Handler) for NMI_Handler
    startup_stm32f407xx.o(RESET) refers to stm32f4xx_it.o(.text.HardFault_Handler) for HardFault_Handler
    startup_stm32f407xx.o(RESET) refers to stm32f4xx_it.o(.text.MemManage_Handler) for MemManage_Handler
    startup_stm32f407xx.o(RESET) refers to stm32f4xx_it.o(.text.BusFault_Handler) for BusFault_Handler
    startup_stm32f407xx.o(RESET) refers to stm32f4xx_it.o(.text.UsageFault_Handler) for UsageFault_Handler
    startup_stm32f407xx.o(RESET) refers to stm32f4xx_it.o(.text.SVC_Handler) for SVC_Handler
    startup_stm32f407xx.o(RESET) refers to stm32f4xx_it.o(.text.DebugMon_Handler) for DebugMon_Handler
    startup_stm32f407xx.o(RESET) refers to stm32f4xx_it.o(.text.PendSV_Handler) for PendSV_Handler
    startup_stm32f407xx.o(RESET) refers to stm32f4xx_it.o(.text.SysTick_Handler) for SysTick_Handler
    startup_stm32f407xx.o(.text) refers (Special) to heapauxi.o(.text) for __use_two_region_memory
    startup_stm32f407xx.o(.text) refers to system_stm32f4xx.o(.text.SystemInit) for SystemInit
    startup_stm32f407xx.o(.text) refers to __main.o(!!!main) for __main
    startup_stm32f407xx.o(.text) refers to startup_stm32f407xx.o(HEAP) for Heap_Mem
    startup_stm32f407xx.o(.text) refers to startup_stm32f407xx.o(STACK) for Stack_Mem
    stm32f407_i2c_lcd16x02_driver.o(.text.LCD_Send_Cmd) refers to stm32f407_i2c_lcd16x02_driver.o(.bss.myI2Chandle) for myI2Chandle
    stm32f407_i2c_lcd16x02_driver.o(.text.LCD_Send_Cmd) refers to stm32f4xx_hal_i2c.o(.text.HAL_I2C_IsDeviceReady) for HAL_I2C_IsDeviceReady
    stm32f407_i2c_lcd16x02_driver.o(.text.LCD_Send_Cmd) refers to stm32f4xx_hal_i2c.o(.text.HAL_I2C_Master_Transmit) for HAL_I2C_Master_Transmit
    stm32f407_i2c_lcd16x02_driver.o(.text.LCD_Send_Cmd) refers to stm32f4xx_hal.o(.text.HAL_Delay) for HAL_Delay
    stm32f407_i2c_lcd16x02_driver.o(.ARM.exidx.text.LCD_Send_Cmd) refers to stm32f407_i2c_lcd16x02_driver.o(.text.LCD_Send_Cmd) for [Anonymous Symbol]
    stm32f407_i2c_lcd16x02_driver.o(.text.LCD_Send_Data) refers to stm32f407_i2c_lcd16x02_driver.o(.bss.myI2Chandle) for myI2Chandle
    stm32f407_i2c_lcd16x02_driver.o(.text.LCD_Send_Data) refers to stm32f4xx_hal_i2c.o(.text.HAL_I2C_IsDeviceReady) for HAL_I2C_IsDeviceReady
    stm32f407_i2c_lcd16x02_driver.o(.text.LCD_Send_Data) refers to stm32f4xx_hal_i2c.o(.text.HAL_I2C_Master_Transmit) for HAL_I2C_Master_Transmit
    stm32f407_i2c_lcd16x02_driver.o(.text.LCD_Send_Data) refers to stm32f4xx_hal.o(.text.HAL_Delay) for HAL_Delay
    stm32f407_i2c_lcd16x02_driver.o(.ARM.exidx.text.LCD_Send_Data) refers to stm32f407_i2c_lcd16x02_driver.o(.text.LCD_Send_Data) for [Anonymous Symbol]
    stm32f407_i2c_lcd16x02_driver.o(.text.LCD_Init) refers to stm32f407_i2c_lcd16x02_driver.o(.text.GPIO_Config) for GPIO_Config
    stm32f407_i2c_lcd16x02_driver.o(.text.LCD_Init) refers to stm32f407_i2c_lcd16x02_driver.o(.text.I2C_Config) for I2C_Config
    stm32f407_i2c_lcd16x02_driver.o(.text.LCD_Init) refers to stm32f4xx_hal.o(.text.HAL_Delay) for HAL_Delay
    stm32f407_i2c_lcd16x02_driver.o(.text.LCD_Init) refers to stm32f407_i2c_lcd16x02_driver.o(.text.LCD_Send_Cmd) for LCD_Send_Cmd
    stm32f407_i2c_lcd16x02_driver.o(.ARM.exidx.text.LCD_Init) refers to stm32f407_i2c_lcd16x02_driver.o(.text.LCD_Init) for [Anonymous Symbol]
    stm32f407_i2c_lcd16x02_driver.o(.text.GPIO_Config) refers to stm32f4xx_hal_gpio.o(.text.HAL_GPIO_Init) for HAL_GPIO_Init
    stm32f407_i2c_lcd16x02_driver.o(.text.GPIO_Config) refers to stm32f4xx_hal_rcc.o(.text.HAL_RCC_GetHCLKFreq) for HAL_RCC_GetHCLKFreq
    stm32f407_i2c_lcd16x02_driver.o(.text.GPIO_Config) refers to stm32f4xx_hal_cortex.o(.text.HAL_SYSTICK_Config) for HAL_SYSTICK_Config
    stm32f407_i2c_lcd16x02_driver.o(.text.GPIO_Config) refers to stm32f4xx_hal_cortex.o(.text.HAL_SYSTICK_CLKSourceConfig) for HAL_SYSTICK_CLKSourceConfig
    stm32f407_i2c_lcd16x02_driver.o(.text.GPIO_Config) refers to stm32f4xx_hal_cortex.o(.text.HAL_NVIC_SetPriority) for HAL_NVIC_SetPriority
    stm32f407_i2c_lcd16x02_driver.o(.ARM.exidx.text.GPIO_Config) refers to stm32f407_i2c_lcd16x02_driver.o(.text.GPIO_Config) for [Anonymous Symbol]
    stm32f407_i2c_lcd16x02_driver.o(.text.I2C_Config) refers to stm32f407_i2c_lcd16x02_driver.o(.bss.myI2Chandle) for myI2Chandle
[...]
    [Anonymous Symbol]                       0x08002eb0   Section        0  stm32f4xx_hal_rcc.o(.text.HAL_RCC_GetPCLK2Freq)
    [Anonymous Symbol]                       0x08002ed4   Section        0  stm32f4xx_hal_rcc.o(.text.HAL_RCC_GetSysClockFreq)
    [Anonymous Symbol]                       0x08002fbc   Section        0  stm32f4xx_hal_rcc.o(.text.HAL_RCC_OscConfig)
    [Anonymous Symbol]                       0x0800367c   Section        0  stm32f4xx_hal_cortex.o(.text.HAL_SYSTICK_CLKSourceConfig)
    [Anonymous Symbol]                       0x080036b0   Section        0  stm32f4xx_hal_cortex.o(.text.HAL_SYSTICK_Config)
    [Anonymous Symbol]                       0x080036c0   Section        0  stm32f4xx_hal_uart.o(.text.HAL_UART_Init)
    [Anonymous Symbol]                       0x0800375c   Section        0  stm32f4xx_hal_msp.o(.text.HAL_UART_MspInit)
    [Anonymous Symbol]                       0x08003914   Section        0  stm32f4xx_hal_uart.o(.text.HAL_UART_Receive)
    [Anonymous Symbol]                       0x08003a78   Section        0  stm32f4xx_hal_uart.o(.text.HAL_UART_Transmit)
    [Anonymous Symbol]                       0x08003bc8   Section        0  stm32f4xx_it.o(.text.HardFault_Handler)
    I2C_Config                               0x08003bcd   Thumb Code    94  stm32f407_i2c_lcd16x02_driver.o(.text.I2C_Config)
    [Anonymous Symbol]                       0x08003bcc   Section        0  stm32f407_i2c_lcd16x02_driver.o(.text.I2C_Config)
    I2C_Config                               0x08003c2d   Thumb Code    94  i2c2.o(.text.I2C_Config)
    [Anonymous Symbol]                       0x08003c2c   Section        0  i2c2.o(.text.I2C_Config)
    I2C_IsAcknowledgeFailed                  0x08003c8d   Thumb Code   100  stm32f4xx_hal_i2c.o(.text.I2C_IsAcknowledgeFailed)
    [Anonymous Symbol]                       0x08003c8c   Section        0  stm32f4xx_hal_i2c.o(.text.I2C_IsAcknowledgeFailed)
    I2C_MasterRequestWrite                   0x08003cf1   Thumb Code   274  stm32f4xx_hal_i2c.o(.text.I2C_MasterRequestWrite)
    [Anonymous Symbol]                       0x08003cf0   Section        0  stm32f4xx_hal_i2c.o(.text.I2C_MasterRequestWrite)
    I2C_WaitOnBTFFlagUntilTimeout            0x08003e05   Thumb Code   150  stm32f4xx_hal_i2c.o(.text.I2C_WaitOnBTFFlagUntilTimeout)
    [Anonymous Symbol]                       0x08003e04   Section        0  stm32f4xx_hal_i2c.o(.text.I2C_WaitOnBTFFlagUntilTimeout)
    I2C_WaitOnFlagUntilTimeout               0x08003e9d   Thumb Code   190  stm32f4xx_hal_i2c.o(.text.I2C_WaitOnFlagUntilTimeout)
    [Anonymous Symbol]                       0x08003e9c   Section        0  stm32f4xx_hal_i2c.o(.text.I2C_WaitOnFlagUntilTimeout)
    I2C_WaitOnMasterAddressFlagUntilTimeout  0x08003f5d   Thumb Code   272  stm32f4xx_hal_i2c.o(.text.I2C_WaitOnMasterAddressFlagUntilTimeout)
    [Anonymous Symbol]                       0x08003f5c   Section        0  stm32f4xx_hal_i2c.o(.text.I2C_WaitOnMasterAddressFlagUntilTimeout)
    I2C_WaitOnTXEFlagUntilTimeout            0x0800406d   Thumb Code   148  stm32f4xx_hal_i2c.o(.text.I2C_WaitOnTXEFlagUntilTimeout)
    [Anonymous Symbol]                       0x0800406c   Section        0  stm32f4xx_hal_i2c.o(.text.I2C_WaitOnTXEFlagUntilTimeout)
    [Anonymous Symbol]                       0x08004100   Section        0  stm32f407_i2c_lcd16x02_driver.o(.text.LCD_Init)
    [Anonymous Symbol]                       0x08004138   Section        0  i2c2.o(.text.LCD_Init_1)
    [Anonymous Symbol]                       0x08004170   Section        0  stm32f407_i2c_lcd16x02_driver.o(.text.LCD_Send_Cmd)
    [Anonymous Symbol]                       0x08004234   Section        0  i2c2.o(.text.LCD_Send_Cmd_1)
    [Anonymous Symbol]                       0x080042f8   Section        0  stm32f407_i2c_lcd16x02_driver.o(.text.LCD_Send_Data)
    [Anonymous Symbol]                       0x080043b4   Section        0  i2c2.o(.text.LCD_Send_Data_1)
    [Anonymous Symbol]                       0x08004470   Section        0  stm32f407_i2c_lcd16x02_driver.o(.text.LCD_Send_String)
    [Anonymous Symbol]                       0x08004494   Section        0  i2c2.o(.text.LCD_Send_String_1)
    MX_ADC1_Init                             0x080044b9   Thumb Code   122  main.o(.text.MX_ADC1_Init)
    [Anonymous Symbol]                       0x080044b8   Section        0  main.o(.text.MX_ADC1_Init)
    MX_GPIO_Init                             0x08004535   Thumb Code   176  main.o(.text.MX_GPIO_Init)
    [Anonymous Symbol]                       0x08004534   Section        0  main.o(.text.MX_GPIO_Init)
    MX_I2C1_Init                             0x080045e5   Thumb Code    72  main.o(.text.MX_I2C1_Init)
    [Anonymous Symbol]                       0x080045e4   Section        0  main.o(.text.MX_I2C1_Init)
    MX_I2C2_Init                             0x0800462d   Thumb Code    72  main.o(.text.MX_I2C2_Init)
    [Anonymous Symbol]                       0x0800462c   Section        0  main.o(.text.MX_I2C2_Init)
    MX_UART4_Init                            0x08004675   Thumb Code    64  main.o(.text.MX_UART4_Init)
    [Anonymous Symbol]                       0x08004674   Section        0  main.o(.text.MX_UART4_Init)
    MX_UART5_Init                            0x080046b5   Thumb Code    64  main.o(.text.MX_UART5_Init)
    [Anonymous Symbol]                       0x080046b4   Section        0  main.o(.text.MX_UART5_Init)
    [Anonymous Symbol]                       0x080046f4   Section        0  stm32f4xx_it.o(.text.MemManage_Handler)
    [Anonymous Symbol]                       0x080046f8   Section        0  stm32f4xx_it.o(.text.NMI_Handler)
    NVIC_EncodePriority                      0x080046fd   Thumb Code   108  stm32f4xx_hal_cortex.o(.text.NVIC_EncodePriority)
    [Anonymous Symbol]                       0x080046fc   Section        0  stm32f4xx_hal_cortex.o(.text.NVIC_EncodePriority)
    [Anonymous Symbol]                       0x08004768   Section        0  stm32f4xx_it.o(.text.PendSV_Handler)
    [Anonymous Symbol]                       0x0800476c   Section        0  stm32f4xx_it.o(.text.SVC_Handler)
    SysTick_Config                           0x08004771   Thumb Code    82  stm32f4xx_hal_cortex.o(.text.SysTick_Config)
    [Anonymous Symbol]                       0x08004770   Section        0  stm32f4xx_hal_cortex.o(.text.SysTick_Config)
    [Anonymous Symbol]                       0x080047c4   Section        0  stm32f4xx_it.o(.text.SysTick_Handler)
    [Anonymous Symbol]                       0x080047cc   Section        0  main.o(.text.SystemClock_Config)
    [Anonymous Symbol]                       0x08004884   Section        0  system_stm32f4xx.o(.text.SystemInit)
    UART_SetConfig                           0x08004899   Thumb Code   314  stm32f4xx_hal_uart.o(.text.UART_SetConfig)
    [Anonymous Symbol]                       0x08004898   Section        0  stm32f4xx_hal_uart.o(.text.UART_SetConfig)
    UART_WaitOnFlagUntilTimeout              0x080049d5   Thumb Code   210  stm32f4xx_hal_uart.o(.text.UART_WaitOnFlagUntilTimeout)
    [Anonymous Symbol]                       0x080049d4   Section        0  stm32f4xx_hal_uart.o(.text.UART_WaitOnFlagUntilTimeout)
    [Anonymous Symbol]                       0x08004aa8   Section        0  stm32f4xx_it.o(.text.UsageFault_Handler)
    __NVIC_GetPriorityGrouping               0x08004aad   Thumb Code    16  stm32f4xx_hal_cortex.o(.text.__NVIC_GetPriorityGrouping)
    [Anonymous Symbol]                       0x08004aac   Section        0  stm32f4xx_hal_cortex.o(.text.__NVIC_GetPriorityGrouping)
    __NVIC_SetPriority                       0x08004abd   Thumb Code    66  stm32f4xx_hal_cortex.o(.text.__NVIC_SetPriority)
    [Anonymous Symbol]                       0x08004abc   Section        0  stm32f4xx_hal_cortex.o(.text.__NVIC_SetPriority)
    __NVIC_SetPriorityGrouping               0x08004b01   Thumb Code    60  stm32f4xx_hal_cortex.o(.text.__NVIC_SetPriorityGrouping)
    [Anonymous Symbol]                       0x08004b00   Section        0  stm32f4xx_hal_cortex.o(.text.__NVIC_SetPriorityGrouping)
    [Anonymous Symbol]                       0x08004b40   Section        0  main.o(.text.main)
    CL$$btod_d2e                             0x08004e3c   Section       62  btod.o(CL$$btod_d2e)
    CL$$btod_d2e_denorm_low                  0x08004e7a   Section       70  btod.o(CL$$btod_d2e_denorm_low)
    CL$$btod_d2e_norm_op1                    0x08004ec0   Section       96  btod.o(CL$$btod_d2e_norm_op1)
    CL$$btod_div_common                      0x08004f20   Section      824  btod.o(CL$$btod_div_common)
    CL$$btod_e2e                             0x08005258   Section      220  btod.o(CL$$btod_e2e)
    CL$$btod_ediv                            0x08005334   Section       42  btod.o(CL$$btod_ediv)
    CL$$btod_emul                            0x0800535e   Section       42  btod.o(CL$$btod_emul)
    CL$$btod_mult_common                     0x08005388   Section      580  btod.o(CL$$btod_mult_common)
    i.__ARM_fpclassify                       0x080055cc   Section        0  fpclassify.o(i.__ARM_fpclassify)
    i._is_digit                              0x080055fc   Section        0  __printf_wp.o(i._is_digit)
    locale$$code                             0x0800560c   Section       44  lc_numeric_c.o(locale$$code)
    locale$$code                             0x08005638   Section       44  lc_ctype_c.o(locale$$code)
    $v0                                      0x08005664   Number         0  d2f.o(x$fpl$d2f)
    x$fpl$d2f                                0x08005664   Section       98  d2f.o(x$fpl$d2f)
    $v0                                      0x080056c8   Number         0  ddiv.o(x$fpl$ddiv)
    x$fpl$ddiv                               0x080056c8   Section      692  ddiv.o(x$fpl$ddiv)
    ddiv_entry                               0x080056cf   Thumb Code     0  ddiv.o(x$fpl$ddiv)
    $v0                                      0x0800597c   Number         0  dmul.o(x$fpl$dmul)
    x$fpl$dmul                               0x0800597c   Section      340  dmul.o(x$fpl$dmul)
    $v0                                      0x08005ad0   Number         0  dnaninf.o(x$fpl$dnaninf)
    x$fpl$dnaninf                            0x08005ad0   Section      156  dnaninf.o(x$fpl$dnaninf)
    $v0                                      0x08005b6c   Number         0  dretinf.o(x$fpl$dretinf)
    x$fpl$dretinf                            0x08005b6c   Section       12  dretinf.o(x$fpl$dretinf)
    $v0                                      0x08005b78   Number         0  f2d.o(x$fpl$f2d)
    x$fpl$f2d                                0x08005b78   Section       86  f2d.o(x$fpl$f2d)
    $v0                                      0x08005bce   Number         0  fnaninf.o(x$fpl$fnaninf)
    x$fpl$fnaninf                            0x08005bce   Section      140  fnaninf.o(x$fpl$fnaninf)
    $v0                                      0x08005c5a   Number         0  fpinit.o(x$fpl$fpinit)
    x$fpl$fpinit                             0x08005c5a   Section       26  fpinit.o(x$fpl$fpinit)
    $v0                                      0x08005c74   Number         0  fretinf.o(x$fpl$fretinf)
    x$fpl$fretinf                            0x08005c74   Section       10  fretinf.o(x$fpl$fretinf)
    $v0                                      0x08005c7e   Number         0  printf1.o(x$fpl$printf1)
    x$fpl$printf1                            0x08005c7e   Section        4  printf1.o(x$fpl$printf1)
    $v0                                      0x08005c82   Number         0  printf2.o(x$fpl$printf2)
    x$fpl$printf2                            0x08005c82   Section        4  printf2.o(x$fpl$printf2)
    x$fpl$usenofp                            0x08005c86   Section        0  usenofp.o(x$fpl$usenofp)
    initial_mbstate                          0x08005c88   Data           8  _printf_wctomb.o(.constdata)
    .constdata                               0x08005c88   Section        8  _printf_wctomb.o(.constdata)
    uc_hextab                                0x08005c90   Data          20  _printf_hex_int_ll_ptr.o(.constdata)
    .constdata                               0x08005c90   Section       40  _printf_hex_int_ll_ptr.o(.constdata)
    lc_hextab                                0x08005ca4   Data          20  _printf_hex_int_ll_ptr.o(.constdata)
    maptable                                 0x08005cb8   Data          17  __printf_flags_ss_wp.o(.constdata)
    .constdata                               0x08005cb8   Section       17  __printf_flags_ss_wp.o(.constdata)
    lc_hextab                                0x08005cc9   Data          19  _printf_fp_hex.o(.constdata)
    .constdata                               0x08005cc9   Section       38  _printf_fp_hex.o(.constdata)
    uc_hextab                                0x08005cdc   Data          19  _printf_fp_hex.o(.constdata)
    tenpwrs_x                                0x08005cf0   Data          60  bigflt0.o(.constdata)
    .constdata                               0x08005cf0   Section      148  bigflt0.o(.constdata)
    tenpwrs_i                                0x08005d2c   Data          64  bigflt0.o(.constdata)
    .L.str.8                                 0x08005d9c   Data          10  main.o(.rodata.str1.1)
    [Anonymous Symbol]                       0x08005d9c   Section        0  main.o(.rodata.str1.1)
    .L.str.5                                 0x08005da6   Data          17  main.o(.rodata.str1.1)
    .L.str.7                                 0x08005db7   Data          17  main.o(.rodata.str1.1)
    .L.str.1                                 0x08005dc8   Data           8  main.o(.rodata.str1.1)
    .L.str.6                                 0x08005dd0   Data           6  main.o(.rodata.str1.1)
    .L.str.4                                 0x08005dd6   Data           7  main.o(.rodata.str1.1)
    .L.str.3                                 0x08005ddd   Data           7  main.o(.rodata.str1.1)
    .L.str.2                                 0x08005de4   Data           7  main.o(.rodata.str1.1)
    .L.str.9                                 0x08005deb   Data          10  main.o(.rodata.str1.1)
    .L.str                                   0x08005df5   Data          12  main.o(.rodata.str1.1)
    locale$$data                             0x08005e24   Section       28  lc_numeric_c.o(locale$$data)
    __lcnum_c_name                           0x08005e28   Data           2  lc_numeric_c.o(locale$$data)
    __lcnum_c_start                          0x08005e30   Data           0  lc_numeric_c.o(locale$$data)
    __lcnum_c_point                          0x08005e3c   Data           0  lc_numeric_c.o(locale$$data)
    __lcnum_c_thousands                      0x08005e3e   Data           0  lc_numeric_c.o(locale$$data)
    __lcnum_c_grouping                       0x08005e3f   Data           0  lc_numeric_c.o(locale$$data)
    __lcnum_c_end                            0x08005e40   Data           0  lc_numeric_c.o(locale$$data)
    locale$$data                             0x08005e40   Section      272  lc_ctype_c.o(locale$$data)
    __lcctype_c_name                         0x08005e44   Data           2  lc_ctype_c.o(locale$$data)
    __lcctype_c_start                        0x08005e4c   Data           0  lc_ctype_c.o(locale$$data)
    __lcctype_c_end                          0x08005f50   Data           0  lc_ctype_c.o(locale$$data)
    .bss                                     0x20000010   Section       96  libspace.o(.bss)
    Heap_Mem                                 0x200002a0   Data         512  startup_stm32f407xx.o(HEAP)
    HEAP                                     0x200002a0   Section      512  startup_stm32f407xx.o(HEAP)
    Stack_Mem                                0x200004a0   Data        1024  startup_stm32f407xx.o(STACK)
    STACK                                    0x200004a0   Section     1024  startup_stm32f407xx.o(STACK)
    __initial_sp                             0x200008a0   Data           0  startup_stm32f407xx.o(STACK)

    Global Symbols

    Symbol Name                              Value     Ov Type        Size  Object(Section)

    BuildAttributes$$THM_ISAv4$E$P$D$K$B$S$7EM$VFPi3$EXTD16$VFPS$VFMA$PE$A:L22UL41UL21$X:L11$S22US41US21$IEEE1$IW$~IW$USESV6$~STKCKD$USESV7$~SHL$OTIME$ROPI$IEEEJ$EBA8$UX$STANDARDLIB$REQ8$PRES8$EABIv2 0x00000000   Number         0  anon$$obj.o ABSOLUTE
    _printf_flags                            0x00000000   Number         0  printf_stubs.o ABSOLUTE
    _printf_return_value                     0x00000000   Number         0  printf_stubs.o ABSOLUTE
    _printf_sizespec                         0x00000000   Number         0  printf_stubs.o ABSOLUTE
    _printf_widthprec                        0x00000000   Number         0  printf_stubs.o ABSOLUTE
    __ARM_exceptions_init                     - Undefined Weak Reference
    __alloca_initialize                       - Undefined Weak Reference
    __arm_preinit_                            - Undefined Weak Reference
    __arm_relocate_pie_                       - Undefined Weak Reference
    __cpp_initialize__aeabi_                  - Undefined Weak Reference
    __cxa_finalize                            - Undefined Weak Reference
    __sigvec_lookup                           - Undefined Weak Reference
    _atexit_init                              - Undefined Weak Reference
    _call_atexit_fns                          - Undefined Weak Reference
    _clock_init                               - Undefined Weak Reference
    _fp_trap_init                             - Undefined Weak Reference
    _fp_trap_shutdown                         - Undefined Weak Reference
    _get_lc_collate                           - Undefined Weak Reference
    _get_lc_monetary                          - Undefined Weak Reference
    _get_lc_time                              - Undefined Weak Reference
    _getenv_init                              - Undefined Weak Reference
    _handle_redirection                       - Undefined Weak Reference
    _init_alloc                               - Undefined Weak Reference
    _init_user_alloc                          - Undefined Weak Reference
    _initio                                   - Undefined Weak Reference
    _printf_mbtowc                            - Undefined Weak Reference
    _printf_wc                                - Undefined Weak Reference
    _rand_init                                - Undefined Weak Reference
    _signal_finish                            - Undefined Weak Reference
    _signal_init                              - Undefined Weak Reference
    _terminate_alloc                          - Undefined Weak Reference
    _terminate_user_alloc                     - Undefined Weak Reference
    _terminateio                              - Undefined Weak Reference
    __Vectors_Size                           0x00000188   Number         0  startup_stm32f407xx.o ABSOLUTE
    __Vectors                                0x08000000   Data           4  startup_stm32f407xx.o(RESET)
    __Vectors_End                            0x08000188   Data           0  startup_stm32f407xx.o(RESET)
    __main                                   0x08000189   Thumb Code     8  __main.o(!!!main)
    __scatterload                            0x08000191   Thumb Code     0  __scatter.o(!!!scatter)
    __scatterload_rt2                        0x08000191   Thumb Code    44  __scatter.o(!!!scatter)
    __scatterload_rt2_thumb_only             0x08000191   Thumb Code     0  __scatter.o(!!!scatter)
    __scatterload_null                       0x0800019f   Thumb Code     0  __scatter.o(!!!scatter)
    __scatterload_copy                       0x080001c5   Thumb Code    26  __scatter_copy.o(!!handler_copy)
    __scatterload_zeroinit                   0x080001e1   Thumb Code    28  __scatter_zi.o(!!handler_zi)
    _printf_n                                0x080001fd   Thumb Code     0  _printf_n.o(.ARM.Collect$$_printf_percent$$00000001)
    _printf_percent                          0x080001fd   Thumb Code     0  _printf_percent.o(.ARM.Collect$$_printf_percent$$00000000)
    _printf_p                                0x08000203   Thumb Code     0  _printf_p.o(.ARM.Collect$$_printf_percent$$00000002)
    _printf_f                                0x08000209   Thumb Code     0  _printf_f.o(.ARM.Collect$$_printf_percent$$00000003)
    _printf_e                                0x0800020f   Thumb Code     0  _printf_e.o(.ARM.Collect$$_printf_percent$$00000004)
    _printf_g                                0x08000215   Thumb Code     0  _printf_g.o(.ARM.Collect$$_printf_percent$$00000005)
    _printf_a                                0x0800021b   Thumb Code     0  _printf_a.o(.ARM.Collect$$_printf_percent$$00000006)
    _printf_ll                               0x08000221   Thumb Code     0  _printf_ll.o(.ARM.Collect$$_printf_percent$$00000007)
    _printf_i                                0x0800022b   Thumb Code     0  _printf_i.o(.ARM.Collect$$_printf_percent$$00000008)
    _printf_d                                0x08000231   Thumb Code     0  _printf_d.o(.ARM.Collect$$_printf_percent$$00000009)
    _printf_u                                0x08000237   Thumb Code     0  _printf_u.o(.ARM.Collect$$_printf_percent$$0000000A)
    _printf_o                                0x0800023d   Thumb Code     0  _printf_o.o(.ARM.Collect$$_printf_percent$$0000000B)
    _printf_x                                0x08000243   Thumb Code     0  _printf_x.o(.ARM.Collect$$_printf_percent$$0000000C)
    _printf_lli                              0x08000249   Thumb Code     0  _printf_lli.o(.ARM.Collect$$_printf_percent$$0000000D)
    _printf_lld                              0x0800024f   Thumb Code     0  _printf_lld.o(.ARM.Collect$$_printf_percent$$0000000E)
    _printf_llu                              0x08000255   Thumb Code     0  _printf_llu.o(.ARM.Collect$$_printf_percent$$0000000F)
    _printf_llo                              0x0800025b   Thumb Code     0  _printf_llo.o(.ARM.Collect$$_printf_percent$$00000010)
    _printf_llx                              0x08000261   Thumb Code     0  _printf_llx.o(.ARM.Collect$$_printf_percent$$00000011)
    _printf_l                                0x08000267   Thumb Code     0  _printf_l.o(.ARM.Collect$$_printf_percent$$00000012)
    _printf_c                                0x08000271   Thumb Code     0  _printf_c.o(.ARM.Collect$$_printf_percent$$00000013)
    _printf_s                                0x08000277   Thumb Code     0  _printf_s.o(.ARM.Collect$$_printf_percent$$00000014)
    _printf_lc                               0x0800027d   Thumb Code     0  _printf_lc.o(.ARM.Collect$$_printf_percent$$00000015)
    _printf_ls                               0x08000283   Thumb Code     0  _printf_ls.o(.ARM.Collect$$_printf_percent$$00000016)
    _printf_percent_end                      0x08000289   Thumb Code     0  _printf_percent_end.o(.ARM.Collect$$_printf_percent$$00000017)
    __rt_lib_init                            0x0800028d   Thumb Code     0  libinit.o(.ARM.Collect$$libinit$$00000000)
    __rt_lib_init_fp_1                       0x0800028f   Thumb Code     0  libinit2.o(.ARM.Collect$$libinit$$00000001)
    __rt_lib_init_heap_1                     0x08000293   Thumb Code     0  libinit2.o(.ARM.Collect$$libinit$$0000000C)
    __rt_lib_init_lc_common                  0x08000293   Thumb Code     0  libinit2.o(.ARM.Collect$$libinit$$00000011)
    __rt_lib_init_preinit_1                  0x08000293   Thumb Code     0  libinit2.o(.ARM.Collect$$libinit$$00000006)
    __rt_lib_init_rand_1                     0x08000293   Thumb Code     0  libinit2.o(.ARM.Collect$$libinit$$00000010)
    __rt_lib_init_relocate_pie_1             0x08000293   Thumb Code     0  libinit2.o(.ARM.Collect$$libinit$$00000004)
    __rt_lib_init_user_alloc_1               0x08000293   Thumb Code     0  libinit2.o(.ARM.Collect$$libinit$$0000000E)
    __rt_lib_init_lc_collate_1               0x08000299   Thumb Code     0  libinit2.o(.ARM.Collect$$libinit$$00000013)
    __rt_lib_init_lc_ctype_2                 0x08000299   Thumb Code     0  libinit2.o(.ARM.Collect$$libinit$$00000014)
    __rt_lib_init_lc_ctype_1                 0x080002a5   Thumb Code     0  libinit2.o(.ARM.Collect$$libinit$$00000015)
    __rt_lib_init_lc_monetary_1              0x080002a5   Thumb Code     0  libinit2.o(.ARM.Collect$$libinit$$00000017)
    __rt_lib_init_lc_numeric_2               0x080002a5   Thumb Code     0  libinit2.o(.ARM.Collect$$libinit$$00000018)
    __rt_lib_init_alloca_1                   0x080002af   Thumb Code     0  libinit2.o(.ARM.Collect$$libinit$$00000030)
    __rt_lib_init_argv_1                     0x080002af   Thumb Code     0  libinit2.o(.ARM.Collect$$libinit$$0000002E)
    __rt_lib_init_atexit_1                   0x080002af   Thumb Code     0  libinit2.o(.ARM.Collect$$libinit$$0000001D)
    __rt_lib_init_clock_1                    0x080002af   Thumb Code     0  libinit2.o(.ARM.Collect$$libinit$$00000023)
    __rt_lib_init_cpp_1                      0x080002af   Thumb Code     0  libinit2.o(.ARM.Collect$$libinit$$00000034)
    __rt_lib_init_exceptions_1               0x080002af   Thumb Code     0  libinit2.o(.ARM.Collect$$libinit$$00000032)
    __rt_lib_init_fp_trap_1                  0x080002af   Thumb Code     0  libinit2.o(.ARM.Collect$$libinit$$00000021)
    __rt_lib_init_getenv_1                   0x080002af   Thumb Code     0  libinit2.o(.ARM.Collect$$libinit$$00000025)
    __rt_lib_init_lc_numeric_1               0x080002af   Thumb Code     0  libinit2.o(.ARM.Collect$$libinit$$00000019)
    __rt_lib_init_lc_time_1                  0x080002af   Thumb Code     0  libinit2.o(.ARM.Collect$$libinit$$0000001B)
    __rt_lib_init_return                     0x080002af   Thumb Code     0  libinit2.o(.ARM.Collect$$libinit$$00000035)
    __rt_lib_init_signal_1                   0x080002af   Thumb Code     0  libinit2.o(.ARM.Collect$$libinit$$0000001F)
    __rt_lib_init_stdio_1                    0x080002af   Thumb Code     0  libinit2.o(.ARM.Collect$$libinit$$00000027)
    __rt_lib_shutdown                        0x080002b1   Thumb Code     0  libshutdown.o(.ARM.Collect$$libshutdown$$00000000)
    __rt_lib_shutdown_cpp_1                  0x080002b3   Thumb Code     0  libshutdown2.o(.ARM.Collect$$libshutdown$$00000002)
    __rt_lib_shutdown_fp_trap_1              0x080002b3   Thumb Code     0  libshutdown2.o(.ARM.Collect$$libshutdown$$00000007)
    __rt_lib_shutdown_heap_1                 0x080002b3   Thumb Code     0  libshutdown2.o(.ARM.Collect$$libshutdown$$0000000F)
    __rt_lib_shutdown_return                 0x080002b3   Thumb Code     0  libshutdown2.o(.ARM.Collect$$libshutdown$$00000010)
    __rt_lib_shutdown_signal_1               0x080002b3   Thumb Code     0  libshutdown2.o(.ARM.Collect$$libshutdown$$0000000A)
    __rt_lib_shutdown_stdio_1                0x080002b3   Thumb Code     0  libshutdown2.o(.ARM.Collect$$libshutdown$$00000004)
    __rt_lib_shutdown_user_alloc_1           0x080002b3   Thumb Code     0  libshutdown2.o(.ARM.Collect$$libshutdown$$0000000C)
    __rt_entry                               0x080002b5   Thumb Code     0  __rtentry.o(.ARM.Collect$$rtentry$$00000000)
    __rt_entry_presh_1                       0x080002b5   Thumb Code     0  __rtentry2.o(.ARM.Collect$$rtentry$$00000002)
    __rt_entry_sh                            0x080002b5   Thumb Code     0  __rtentry4.o(.ARM.Collect$$rtentry$$00000004)
    __rt_entry_li                            0x080002bb   Thumb Code     0  __rtentry2.o(.ARM.Collect$$rtentry$$0000000A)
    __rt_entry_postsh_1                      0x080002bb   Thumb Code     0  __rtentry2.o(.ARM.Collect$$rtentry$$00000009)
    __rt_entry_main                          0x080002bf   Thumb Code     0  __rtentry2.o(.ARM.Collect$$rtentry$$0000000D)
    __rt_entry_postli_1                      0x080002bf   Thumb Code     0  __rtentry2.o(.ARM.Collect$$rtentry$$0000000C)
    __rt_exit                                0x080002c7   Thumb Code     0  rtexit.o(.ARM.Collect$$rtexit$$00000000)
    __rt_exit_ls                             0x080002c9   Thumb Code     0  rtexit2.o(.ARM.Collect$$rtexit$$00000003)
    __rt_exit_prels_1                        0x080002c9   Thumb Code     0  rtexit2.o(.ARM.Collect$$rtexit$$00000002)
    __rt_exit_exit                           0x080002cd   Thumb Code     0  rtexit2.o(.ARM.Collect$$rtexit$$00000004)
    Reset_Handler                            0x080002d5   Thumb Code     8  startup_stm32f407xx.o(.text)
    ADC_IRQHandler                           0x080002ef   Thumb Code     0  startup_stm32f407xx.o(.text)
    CAN1_RX0_IRQHandler                      0x080002ef   Thumb Code     0  startup_stm32f407xx.o(.text)
    CAN1_RX1_IRQHandler                      0x080002ef   Thumb Code     0  startup_stm32f407xx.o(.text)
    CAN1_SCE_IRQHandler                      0x080002ef   Thumb Code     0  startup_stm32f407xx.o(.text)
    CAN1_TX_IRQHandler                       0x080002ef   Thumb Code     0  startup_stm32f407xx.o(.text)
    CAN2_RX0_IRQHandler                      0x080002ef   Thumb Code     0  startup_stm32f407xx.o(.text)
    CAN2_RX1_IRQHandler                      0x080002ef   Thumb Code     0  startup_stm32f407xx.o(.text)
    CAN2_SCE_IRQHandler                      0x080002ef   Thumb Code     0  startup_stm32f407xx.o(.text)
    CAN2_TX_IRQHandler                       0x080002ef   Thumb Code     0  startup_stm32f407xx.o(.text)
    DCMI_IRQHandler                          0x080002ef   Thumb Code     0  startup_stm32f407xx.o(.text)
    DMA1_Stream0_IRQHandler                  0x080002ef   Thumb Code     0  startup_stm32f407xx.o(.text)
    DMA1_Stream1_IRQHandler                  0x080002ef   Thumb Code     0  startup_stm32f407xx.o(.text)
    DMA1_Stream2_IRQHandler                  0x080002ef   Thumb Code     0  startup_stm32f407xx.o(.text)
    DMA1_Stream3_IRQHandler                  0x080002ef   Thumb Code     0  startup_stm32f407xx.o(.text)
    DMA1_Stream4_IRQHandler                  0x080002ef   Thumb Code     0  startup_stm32f407xx.o(.text)
    DMA1_Stream5_IRQHandler                  0x080002ef   Thumb Code     0  startup_stm32f407xx.o(.text)
    DMA1_Stream6_IRQHandler                  0x080002ef   Thumb Code     0  startup_stm32f407xx.o(.text)
    DMA1_Stream7_IRQHandler                  0x080002ef   Thumb Code     0  startup_stm32f407xx.o(.text)
    DMA2_Stream0_IRQHandler                  0x080002ef   Thumb Code     0  startup_stm32f407xx.o(.text)
    DMA2_Stream1_IRQHandler                  0x080002ef   Thumb Code     0  startup_stm32f407xx.o(.text)
    DMA2_Stream2_IRQHandler                  0x080002ef   Thumb Code     0  startup_stm32f407xx.o(.text)
    DMA2_Stream3_IRQHandler                  0x080002ef   Thumb Code     0  startup_stm32f407xx.o(.text)
    DMA2_Stream4_IRQHandler                  0x080002ef   Thumb Code     0  startup_stm32f407xx.o(.text)
    DMA2_Stream5_IRQHandler                  0x080002ef   Thumb Code     0  startup_stm32f407xx.o(.text)
    DMA2_Stream6_IRQHandler                  0x080002ef   Thumb Code     0  startup_stm32f407xx.o(.text)
    DMA2_Stream7_IRQHandler                  0x080002ef   Thumb Code     0  startup_stm32f407xx.o(.text)
    ETH_IRQHandler                           0x080002ef   Thumb Code     0  startup_stm32f407xx.o(.text)
    ETH_WKUP_IRQHandler                      0x080002ef   Thumb Code     0  startup_stm32f407xx.o(.text)
    EXTI0_IRQHandler                         0x080002ef   Thumb Code     0  startup_stm32f407xx.o(.text)
    EXTI15_10_IRQHandler                     0x080002ef   Thumb Code     0  startup_stm32f407xx.o(.text)
    EXTI1_IRQHandler                         0x080002ef   Thumb Code     0  startup_stm32f407xx.o(.text)
    EXTI2_IRQHandler                         0x080002ef   Thumb Code     0  startup_stm32f407xx.o(.text)
    EXTI3_IRQHandler                         0x080002ef   Thumb Code     0  startup_stm32f407xx.o(.text)
    EXTI4_IRQHandler                         0x080002ef   Thumb Code     0  startup_stm32f407xx.o(.text)
    EXTI9_5_IRQHandler                       0x080002ef   Thumb Code     0  startup_stm32f407xx.o(.text)
    FLASH_IRQHandler                         0x080002ef   Thumb Code     0  startup_stm32f407xx.o(.text)
    FMC_IRQHandler                           0x080002ef   Thumb Code     0  startup_stm32f407xx.o(.text)
    FPU_IRQHandler                           0x080002ef   Thumb Code     0  startup_stm32f407xx.o(.text)
    HASH_RNG_IRQHandler                      0x080002ef   Thumb Code     0  startup_stm32f407xx.o(.text)
    I2C1_ER_IRQHandler                       0x080002ef   Thumb Code     0  startup_stm32f407xx.o(.text)
    I2C1_EV_IRQHandler                       0x080002ef   Thumb Code     0  startup_stm32f407xx.o(.text)
    I2C2_ER_IRQHandler                       0x080002ef   Thumb Code     0  startup_stm32f407xx.o(.text)
    I2C2_EV_IRQHandler                       0x080002ef   Thumb Code     0  startup_stm32f407xx.o(.text)
    I2C3_ER_IRQHandler                       0x080002ef   Thumb Code     0  startup_stm32f407xx.o(.text)
    I2C3_EV_IRQHandler                       0x080002ef   Thumb Code     0  startup_stm32f407xx.o(.text)
    OTG_FS_IRQHandler                        0x080002ef   Thumb Code     0  startup_stm32f407xx.o(.text)
    OTG_FS_WKUP_IRQHandler                   0x080002ef   Thumb Code     0  startup_stm32f407xx.o(.text)
    OTG_HS_EP1_IN_IRQHandler                 0x080002ef   Thumb Code     0  startup_stm32f407xx.o(.text)
    OTG_HS_EP1_OUT_IRQHandler                0x080002ef   Thumb Code     0  startup_stm32f407xx.o(.text)
    OTG_HS_IRQHandler                        0x080002ef   Thumb Code     0  startup_stm32f407xx.o(.text)
    OTG_HS_WKUP_IRQHandler                   0x080002ef   Thumb Code     0  startup_stm32f407xx.o(.text)
    PVD_IRQHandler                           0x080002ef   Thumb Code     0  startup_stm32f407xx.o(.text)
    RCC_IRQHandler                           0x080002ef   Thumb Code     0  startup_stm32f407xx.o(.text)
    RTC_Alarm_IRQHandler                     0x080002ef   Thumb Code     0  startup_stm32f407xx.o(.text)
    RTC_WKUP_IRQHandler                      0x080002ef   Thumb Code     0  startup_stm32f407xx.o(.text)
    SDIO_IRQHandler                          0x080002ef   Thumb Code     0  startup_stm32f407xx.o(.text)
    SPI1_IRQHandler                          0x080002ef   Thumb Code     0  startup_stm32f407xx.o(.text)
    SPI2_IRQHandler                          0x080002ef   Thumb Code     0  startup_stm32f407xx.o(.text)
    SPI3_IRQHandler                          0x080002ef   Thumb Code     0  startup_stm32f407xx.o(.text)
    TAMP_STAMP_IRQHandler                    0x080002ef   Thumb Code     0  startup_stm32f407xx.o(.text)
    TIM1_BRK_TIM9_IRQHandler                 0x080002ef   Thumb Code     0  startup_stm32f407xx.o(.text)
    TIM1_CC_IRQHandler                       0x080002ef   Thumb Code     0  startup_stm32f407xx.o(.text)
    TIM1_TRG_COM_TIM11_IRQHandler            0x080002ef   Thumb Code     0  startup_stm32f407xx.o(.text)
    TIM1_UP_TIM10_IRQHandler                 0x080002ef   Thumb Code     0  startup_stm32f407xx.o(.text)
    TIM2_IRQHandler                          0x080002ef   Thumb Code     0  startup_stm32f407xx.o(.text)
    TIM3_IRQHandler                          0x080002ef   Thumb Code     0  startup_stm32f407xx.o(.text)
    TIM4_IRQHandler                          0x080002ef   Thumb Code     0  startup_stm32f407xx.o(.text)
    TIM5_IRQHandler                          0x080002ef   Thumb Code     0  startup_stm32f407xx.o(.text)
    TIM6_DAC_IRQHandler                      0x080002ef   Thumb Code     0  startup_stm32f407xx.o(.text)
    TIM7_IRQHandler                          0x080002ef   Thumb Code     0  startup_stm32f407xx.o(.text)
    TIM8_BRK_TIM12_IRQHandler                0x080002ef   Thumb Code     0  startup_stm32f407xx.o(.text)
    TIM8_CC_IRQHandler                       0x080002ef   Thumb Code     0  startup_stm32f407xx.o(.text)
    TIM8_TRG_COM_TIM14_IRQHandler            0x080002ef   Thumb Code     0  startup_stm32f407xx.o(.text)
    TIM8_UP_TIM13_IRQHandler                 0x080002ef   Thumb Code     0  startup_stm32f407xx.o(.text)
    UART4_IRQHandler                         0x080002ef   Thumb Code     0  startup_stm32f407xx.o(.text)
    UART5_IRQHandler                         0x080002ef   Thumb Code     0  startup_stm32f407xx.o(.text)
    USART1_IRQHandler                        0x080002ef   Thumb Code     0  startup_stm32f407xx.o(.text)
    USART2_IRQHandler                        0x080002ef   Thumb Code     0  startup_stm32f407xx.o(.text)
    USART3_IRQHandler                        0x080002ef   Thumb Code     0  startup_stm32f407xx.o(.text)
    USART6_IRQHandler                        0x080002ef   Thumb Code     0  startup_stm32f407xx.o(.text)
    WWDG_IRQHandler                          0x080002ef   Thumb Code     0  startup_stm32f407xx.o(.text)
    __user_initial_stackheap                 0x080002f1   Thumb Code     0  startup_stm32f407xx.o(.text)
    __aeabi_uldivmod                         0x08000315   Thumb Code     0  lludivv7m.o(.text)
    _ll_udiv                                 0x08000315   Thumb Code   240  lludivv7m.o(.text)
    sprintf                                  0x08000405   Thumb Code    38  sprintf.o(.text)
    __aeabi_memclr4                          0x08000431   Thumb Code     0  rt_memclr_w.o(.text)
    __aeabi_memclr8                          0x08000431   Thumb Code     0  rt_memclr_w.o(.text)
    __rt_memclr_w                            0x08000431   Thumb Code     0  rt_memclr_w.o(.text)
    _memset_w                                0x08000435   Thumb Code    74  rt_memclr_w.o(.text)
    __use_two_region_memory                  0x0800047f   Thumb Code     2  heapauxi.o(.text)
    __rt_heap_escrow$2region                 0x08000481   Thumb Code     2  heapauxi.o(.text)
    __rt_heap_expand$2region                 0x08000483   Thumb Code     2  heapauxi.o(.text)
    _printf_pre_padding                      0x08000485   Thumb Code    44  _printf_pad.o(.text)
    _printf_post_padding                     0x080004b1   Thumb Code    34  _printf_pad.o(.text)
    _printf_truncate_signed                  0x080004d3   Thumb Code    18  _printf_truncate.o(.text)
    _printf_truncate_unsigned                0x080004e5   Thumb Code    18  _printf_truncate.o(.text)
    _printf_str                              0x080004f7   Thumb Code    82  _printf_str.o(.text)
    _printf_int_dec                          0x08000549   Thumb Code   104  _printf_dec.o(.text)
    _printf_charcount                        0x080005c1   Thumb Code    40  _printf_charcount.o(.text)
    _printf_char_common                      0x080005f3   Thumb Code    32  _printf_char_common.o(.text)
    _sputc                                   0x08000619   Thumb Code    10  _sputc.o(.text)
    _printf_wctomb                           0x08000625   Thumb Code   182  _printf_wctomb.o(.text)
    _printf_longlong_dec                     0x080006e1   Thumb Code   108  _printf_longlong_dec.o(.text)
    _printf_longlong_oct                     0x0800075d   Thumb Code    68  _printf_oct_int_ll.o(.text)
    _printf_int_oct                          0x080007a1   Thumb Code    24  _printf_oct_int_ll.o(.text)
    _printf_ll_oct                           0x080007b9   Thumb Code    12  _printf_oct_int_ll.o(.text)
    _printf_longlong_hex                     0x080007cd   Thumb Code    86  _printf_hex_int_ll_ptr.o(.text)
    _printf_int_hex                          0x08000823   Thumb Code    28  _printf_hex_int_ll_ptr.o(.text)
    _printf_ll_hex                           0x0800083f   Thumb Code    12  _printf_hex_int_ll_ptr.o(.text)
    _printf_hex_ptr                          0x0800084b   Thumb Code    18  _printf_hex_int_ll_ptr.o(.text)
    __printf                                 0x08000861   Thumb Code   388  __printf_flags_ss_wp.o(.text)
    _ll_udiv10                               0x080009e9   Thumb Code   138  lludiv10.o(.text)
    _printf_int_common                       0x08000a73   Thumb Code   178  _printf_intcommon.o(.text)
    _printf_fp_dec_real                      0x08000cd5   Thumb Code   620  _printf_fp_dec.o(.text)
    _printf_fp_hex_real                      0x08000f41   Thumb Code   756  _printf_fp_hex.o(.text)
    _printf_cs_common                        0x0800123d   Thumb Code    20  _printf_char.o(.text)
    _printf_char                             0x08001251   Thumb Code    16  _printf_char.o(.text)
    _printf_string                           0x08001261   Thumb Code     8  _printf_char.o(.text)
    _printf_lcs_common                       0x08001269   Thumb Code    20  _printf_wchar.o(.text)
    _printf_wchar                            0x0800127d   Thumb Code    16  _printf_wchar.o(.text)
    _printf_wstring                          0x0800128d   Thumb Code     8  _printf_wchar.o(.text)
    _c16rtomb                                0x08001295   Thumb Code    72  _c16rtomb.o(.text)
    _wcrtomb                                 0x08001295   Thumb Code     0  _c16rtomb.o(.text)
    __user_setup_stackheap                   0x080012dd   Thumb Code    74  sys_stackheap_outer.o(.text)
    __rt_ctype_table                         0x08001329   Thumb Code    16  rt_ctype_table.o(.text)
    __rt_locale                              0x08001339   Thumb Code     8  rt_locale_intlibspace.o(.text)
    _printf_fp_infnan                        0x08001341   Thumb Code   112  _printf_fp_infnan.o(.text)
    _btod_etento                             0x080013c1   Thumb Code   224  bigflt0.o(.text)
    exit                                     0x080014a5   Thumb Code    18  exit.o(.text)
    __user_libspace                          0x080014b9   Thumb Code     8  libspace.o(.text)
    __user_perproc_libspace                  0x080014b9   Thumb Code     0  libspace.o(.text)
    __user_perthread_libspace                0x080014b9   Thumb Code     0  libspace.o(.text)
    strcmp                                   0x080014c1   Thumb Code   124  strcmpv7em.o(.text)
    _sys_exit                                0x0800153d   Thumb Code     8  sys_exit.o(.text)
    __I$use$semihosting                      0x08001549   Thumb Code     0  use_no_semi.o(.text)
    __use_no_semihosting_swi                 0x08001549   Thumb Code     2  use_no_semi.o(.text)
    __semihosting_library_function           0x0800154b   Thumb Code     0  indicate_semi.o(.text)
    BusFault_Handler                         0x080016d9   Thumb Code     4  stm32f4xx_it.o(.text.BusFault_Handler)
    DebugMon_Handler                         0x080016dd   Thumb Code     2  stm32f4xx_it.o(.text.DebugMon_Handler)
    Error_Handler                            0x080016e1   Thumb Code    14  main.o(.text.Error_Handler)
    HAL_ADC_ConfigChannel                    0x08001825   Thumb Code   536  stm32f4xx_hal_adc.o(.text.HAL_ADC_ConfigChannel)
    HAL_ADC_GetValue                         0x08001a3d   Thumb Code    14  stm32f4xx_hal_adc.o(.text.HAL_ADC_GetValue)
    HAL_ADC_Init                             0x08001a4d   Thumb Code   168  stm32f4xx_hal_adc.o(.text.HAL_ADC_Init)
    HAL_ADC_MspInit                          0x08001af5   Thumb Code   134  stm32f4xx_hal_msp.o(.text.HAL_ADC_MspInit)
    HAL_ADC_PollForConversion                0x08001b7d   Thumb Code   298  stm32f4xx_hal_adc.o(.text.HAL_ADC_PollForConversion)
    HAL_ADC_Start                            0x08001ca9   Thumb Code   464  stm32f4xx_hal_adc.o(.text.HAL_ADC_Start)
    HAL_Delay                                0x08001e79   Thumb Code    66  stm32f4xx_hal.o(.text.HAL_Delay)
    HAL_GPIO_Init                            0x08001ebd   Thumb Code   950  stm32f4xx_hal_gpio.o(.text.HAL_GPIO_Init)
    HAL_GetTick                              0x08002275   Thumb Code    12  stm32f4xx_hal.o(.text.HAL_GetTick)
    HAL_I2C_Init                             0x08002281   Thumb Code   676  stm32f4xx_hal_i2c.o(.text.HAL_I2C_Init)
    HAL_I2C_IsDeviceReady                    0x08002525   Thumb Code   650  stm32f4xx_hal_i2c.o(.text.HAL_I2C_IsDeviceReady)
    HAL_I2C_Master_Transmit                  0x080027b1   Thumb Code   520  stm32f4xx_hal_i2c.o(.text.HAL_I2C_Master_Transmit)
    HAL_I2C_MspInit                          0x080029b9   Thumb Code   270  stm32f4xx_hal_msp.o(.text.HAL_I2C_MspInit)
    HAL_IncTick                              0x08002ac9   Thumb Code    26  stm32f4xx_hal.o(.text.HAL_IncTick)
    HAL_Init                                 0x08002ae5   Thumb Code    54  stm32f4xx_hal.o(.text.HAL_Init)
    HAL_InitTick                             0x08002b1d   Thumb Code   112  stm32f4xx_hal.o(.text.HAL_InitTick)
    HAL_MspInit                              0x08002b8d   Thumb Code    74  stm32f4xx_hal_msp.o(.text.HAL_MspInit)
    HAL_NVIC_SetPriority                     0x08002bd9   Thumb Code    50  stm32f4xx_hal_cortex.o(.text.HAL_NVIC_SetPriority)
    HAL_NVIC_SetPriorityGrouping             0x08002c0d   Thumb Code    16  stm32f4xx_hal_cortex.o(.text.HAL_NVIC_SetPriorityGrouping)
    HAL_RCC_ClockConfig                      0x08002c1d   Thumb Code   610  stm32f4xx_hal_rcc.o(.text.HAL_RCC_ClockConfig)
    HAL_RCC_GetHCLKFreq                      0x08002e81   Thumb Code    12  stm32f4xx_hal_rcc.o(.text.HAL_RCC_GetHCLKFreq)
    HAL_RCC_GetPCLK1Freq                     0x08002e8d   Thumb Code    34  stm32f4xx_hal_rcc.o(.text.HAL_RCC_GetPCLK1Freq)
    HAL_RCC_GetPCLK2Freq                     0x08002eb1   Thumb Code    34  stm32f4xx_hal_rcc.o(.text.HAL_RCC_GetPCLK2Freq)
    HAL_RCC_GetSysClockFreq                  0x08002ed5   Thumb Code   230  stm32f4xx_hal_rcc.o(.text.HAL_RCC_GetSysClockFreq)
    HAL_RCC_OscConfig                        0x08002fbd   Thumb Code  1726  stm32f4xx_hal_rcc.o(.text.HAL_RCC_OscConfig)
    HAL_SYSTICK_CLKSourceConfig              0x0800367d   Thumb Code    52  stm32f4xx_hal_cortex.o(.text.HAL_SYSTICK_CLKSourceConfig)
    HAL_SYSTICK_Config                       0x080036b1   Thumb Code    16  stm32f4xx_hal_cortex.o(.text.HAL_SYSTICK_Config)
    HAL_UART_Init                            0x080036c1   Thumb Code   154  stm32f4xx_hal_uart.o(.text.HAL_UART_Init)
    HAL_UART_MspInit                         0x0800375d   Thumb Code   440  stm32f4xx_hal_msp.o(.text.HAL_UART_MspInit)
    HAL_UART_Receive                         0x08003915   Thumb Code   356  stm32f4xx_hal_uart.o(.text.HAL_UART_Receive)
    HAL_UART_Transmit                        0x08003a79   Thumb Code   334  stm32f4xx_hal_uart.o(.text.HAL_UART_Transmit)
    HardFault_Handler                        0x08003bc9   Thumb Code     4  stm32f4xx_it.o(.text.HardFault_Handler)
    LCD_Init                                 0x08004101   Thumb Code    54  stm32f407_i2c_lcd16x02_driver.o(.text.LCD_Init)
    LCD_Init_1                               0x08004139   Thumb Code    54  i2c2.o(.text.LCD_Init_1)
    LCD_Send_Cmd                             0x08004171   Thumb Code   194  stm32f407_i2c_lcd16x02_driver.o(.text.LCD_Send_Cmd)
    LCD_Send_Cmd_1                           0x08004235   Thumb Code   194  i2c2.o(.text.LCD_Send_Cmd_1)
    LCD_Send_Data                            0x080042f9   Thumb Code   188  stm32f407_i2c_lcd16x02_driver.o(.text.LCD_Send_Data)
    LCD_Send_Data_1                          0x080043b5   Thumb Code   188  i2c2.o(.text.LCD_Send_Data_1)
    LCD_Send_String                          0x08004471   Thumb Code    34  stm32f407_i2c_lcd16x02_driver.o(.text.LCD_Send_String)
    LCD_Send_String_1                        0x08004495   Thumb Code    34  i2c2.o(.text.LCD_Send_String_1)
    MemManage_Handler                        0x080046f5   Thumb Code     4  stm32f4xx_it.o(.text.MemManage_Handler)
    NMI_Handler                              0x080046f9   Thumb Code     4  stm32f4xx_it.o(.text.NMI_Handler)
    PendSV_Handler                           0x08004769   Thumb Code     2  stm32f4xx_it.o(.text.PendSV_Handler)
    SVC_Handler                              0x0800476d   Thumb Code     2  stm32f4xx_it.o(.text.SVC_Handler)
    SysTick_Handler                          0x080047c5   Thumb Code     8  stm32f4xx_it.o(.text.SysTick_Handler)
    SystemClock_Config                       0x080047cd   Thumb Code   184  main.o(.text.SystemClock_Config)
    SystemInit                               0x08004885   Thumb Code    18  system_stm32f4xx.o(.text.SystemInit)
    UsageFault_Handler                       0x08004aa9   Thumb Code     4  stm32f4xx_it.o(.text.UsageFault_Handler)
    main                                     0x08004b41   Thumb Code   764  main.o(.text.main)
    _btod_d2e                                0x08004e3d   Thumb Code    62  btod.o(CL$$btod_d2e)
    _d2e_denorm_low                          0x08004e7b   Thumb Code    70  btod.o(CL$$btod_d2e_denorm_low)
    _d2e_norm_op1                            0x08004ec1   Thumb Code    96  btod.o(CL$$btod_d2e_norm_op1)
    __btod_div_common                        0x08004f21   Thumb Code   696  btod.o(CL$$btod_div_common)
    _e2e                                     0x08005259   Thumb Code   220  btod.o(CL$$btod_e2e)
    _btod_ediv                               0x08005335   Thumb Code    42  btod.o(CL$$btod_ediv)
    _btod_emul                               0x0800535f   Thumb Code    42  btod.o(CL$$btod_emul)
    __btod_mult_common                       0x08005389   Thumb Code   580  btod.o(CL$$btod_mult_common)
    __ARM_fpclassify                         0x080055cd   Thumb Code    48  fpclassify.o(i.__ARM_fpclassify)
    _is_digit                                0x080055fd   Thumb Code    14  __printf_wp.o(i._is_digit)
    _get_lc_numeric                          0x0800560d   Thumb Code    44  lc_numeric_c.o(locale$$code)
    _get_lc_ctype                            0x08005639   Thumb Code    44  lc_ctype_c.o(locale$$code)
    __aeabi_d2f                              0x08005665   Thumb Code     0  d2f.o(x$fpl$d2f)
    _d2f                                     0x08005665   Thumb Code    98  d2f.o(x$fpl$d2f)
    __aeabi_ddiv                             0x080056c9   Thumb Code     0  ddiv.o(x$fpl$ddiv)
    _ddiv                                    0x080056c9   Thumb Code   556  ddiv.o(x$fpl$ddiv)
    __aeabi_dmul                             0x0800597d   Thumb Code     0  dmul.o(x$fpl$dmul)
    _dmul                                    0x0800597d   Thumb Code   332  dmul.o(x$fpl$dmul)
    __fpl_dnaninf                            0x08005ad1   Thumb Code   156  dnaninf.o(x$fpl$dnaninf)
    __fpl_dretinf                            0x08005b6d   Thumb Code    12  dretinf.o(x$fpl$dretinf)
    __aeabi_f2d                              0x08005b79   Thumb Code     0  f2d.o(x$fpl$f2d)
    _f2d                                     0x08005b79   Thumb Code    86  f2d.o(x$fpl$f2d)
    __fpl_fnaninf                            0x08005bcf   Thumb Code   140  fnaninf.o(x$fpl$fnaninf)
    _fp_init                                 0x08005c5b   Thumb Code    26  fpinit.o(x$fpl$fpinit)
    __fplib_config_fpu_vfp                   0x08005c73   Thumb Code     0  fpinit.o(x$fpl$fpinit)
    __fplib_config_pureend_doubles           0x08005c73   Thumb Code     0  fpinit.o(x$fpl$fpinit)
    __fpl_fretinf                            0x08005c75   Thumb Code    10  fretinf.o(x$fpl$fretinf)
    _printf_fp_dec                           0x08005c7f   Thumb Code     4  printf1.o(x$fpl$printf1)
    _printf_fp_hex                           0x08005c83   Thumb Code     4  printf2.o(x$fpl$printf2)
    __I$use$fp                               0x08005c86   Number         0  usenofp.o(x$fpl$usenofp)
    AHBPrescTable                            0x08005d84   Data          16  system_stm32f4xx.o(.rodata.AHBPrescTable)
    APBPrescTable                            0x08005d94   Data           8  system_stm32f4xx.o(.rodata.APBPrescTable)
    Region$$Table$$Base                      0x08005e04   Number         0  anon$$obj.o(Region$$Table)
    Region$$Table$$Limit                     0x08005e24   Number         0  anon$$obj.o(Region$$Table)
    __ctype                                  0x08005e4d   Data           0  lc_ctype_c.o(locale$$data)
    SystemCoreClock                          0x20000000   Data           4  system_stm32f4xx.o(.data.SystemCoreClock)
    uwTickFreq                               0x20000004   Data           1  stm32f4xx_hal.o(.data.uwTickFreq)
    uwTickPrio                               0x20000008   Data           4  stm32f4xx_hal.o(.data.uwTickPrio)
    __libspace_start                         0x20000010   Data          96  libspace.o(.bss)
    __temporary_stack_top$libspace           0x20000070   Data           0  libspace.o(.bss)
    hadc1                                    0x20000070   Data          72  main.o(.bss.hadc1)
    hi2c1                                    0x200000b8   Data          84  main.o(.bss.hi2c1)
    hi2c2                                    0x2000010c   Data          84  main.o(.bss.hi2c2)
    huart4                                   0x20000160   Data          68  main.o(.bss.huart4)
    huart5                                   0x200001a4   Data          68  main.o(.bss.huart5)
    moisture_data                            0x200001e8   Data           4  main.o(.bss.moisture_data)
    myI2Chandle                              0x200001ec   Data          84  stm32f407_i2c_lcd16x02_driver.o(.bss.myI2Chandle)
    myI2Chandle_1                            0x20000240   Data          84  i2c2.o(.bss.myI2Chandle_1)
    uwTick                                   0x20000294   Data           4  stm32f4xx_hal.o(.bss.uwTick)
    water_level_rxBuffer                     0x20000298   Data           1  main.o(.bss.water_level_rxBuffer)



==============================================================================

Memory Map of the image

  Image Entry point : 0x08000189

  Load Region LR_IROM1 (Base: 0x08000000, Size: 0x00005f60, Max: 0x00100000, ABSOLUTE)

    Execution Region ER_IROM1 (Exec base: 0x08000000, Load base: 0x08000000, Size: 0x00005f50, Max: 0x00100000, ABSOLUTE)

    Exec Addr    Load Addr    Size         Type   Attr      Idx    E Section Name        Object

    0x08000000   0x08000000   0x00000188   Data   RO            3    RESET               startup_stm32f407xx.o
    0x08000188   0x08000188   0x00000008   Code   RO         1000  * !!!main             c_w.l(__main.o)
    0x08000190   0x08000190   0x00000034   Code   RO         1365    !!!scatter          c_w.l(__scatter.o)
    0x080001c4   0x080001c4   0x0000001a   Code   RO         1367    !!handler_copy      c_w.l(__scatter_copy.o)
    0x080001de   0x080001de   0x00000002   PAD
    0x080001e0   0x080001e0   0x0000001c   Code   RO         1369    !!handler_zi        c_w.l(__scatter_zi.o)
    0x080001fc   0x080001fc   0x00000000   Code   RO         1098    .ARM.Collect$$_printf_percent$$00000000  c_w.l(_printf_percent.o)
    0x080001fc   0x080001fc   0x00000006   Code   RO         1087    .ARM.Collect$$_printf_percent$$00000001  c_w.l(_printf_n.o)
    0x08000202   0x08000202   0x00000006   Code   RO         1089    .ARM.Collect$$_printf_percent$$00000002  c_w.l(_printf_p.o)
    0x08000208   0x08000208   0x00000006   Code   RO         1094    .ARM.Collect$$_printf_percent$$00000003  c_w.l(_printf_f.o)
    0x0800020e   0x0800020e   0x00000006   Code   RO         1095    .ARM.Collect$$_printf_percent$$00000004  c_w.l(_printf_e.o)
    0x08000214   0x08000214   0x00000006   Code   RO         1096    .ARM.Collect$$_printf_percent$$00000005  c_w.l(_printf_g.o)
    0x0800021a   0x0800021a   0x00000006   Code   RO         1097    .ARM.Collect$$_printf_percent$$00000006  c_w.l(_printf_a.o)
    0x08000220   0x08000220   0x0000000a   Code   RO         1102    .ARM.Collect$$_printf_percent$$00000007  c_w.l(_printf_ll.o)
    0x0800022a   0x0800022a   0x00000006   Code   RO         1091    .ARM.Collect$$_printf_percent$$00000008  c_w.l(_printf_i.o)
    0x08000230   0x08000230   0x00000006   Code   RO         1092    .ARM.Collect$$_printf_percent$$00000009  c_w.l(_printf_d.o)
    0x08000236   0x08000236   0x00000006   Code   RO         1093    .ARM.Collect$$_printf_percent$$0000000A  c_w.l(_printf_u.o)
    0x0800023c   0x0800023c   0x00000006   Code   RO         1090    .ARM.Collect$$_printf_percent$$0000000B  c_w.l(_printf_o.o)
    0x08000242   0x08000242   0x00000006   Code   RO         1088    .ARM.Collect$$_printf_percent$$0000000C  c_w.l(_printf_x.o)
    0x08000248   0x08000248   0x00000006   Code   RO         1099    .ARM.Collect$$_printf_percent$$0000000D  c_w.l(_printf_lli.o)
    0x0800024e   0x0800024e   0x00000006   Code   RO         1100    .ARM.Collect$$_printf_percent$$0000000E  c_w.l(_printf_lld.o)
    0x08000254   0x08000254   0x00000006   Code   RO         1101    .ARM.Collect$$_printf_percent$$0000000F  c_w.l(_printf_llu.o)
    0x0800025a   0x0800025a   0x00000006   Code   RO         1106    .ARM.Collect$$_printf_percent$$00000010  c_w.l(_printf_llo.o)
    0x08000260   0x08000260   0x00000006   Code   RO         1107    .ARM.Collect$$_printf_percent$$00000011  c_w.l(_printf_llx.o)
    0x08000266   0x08000266   0x0000000a   Code   RO         1103    .ARM.Collect$$_printf_percent$$00000012  c_w.l(_printf_l.o)
    0x08000270   0x08000270   0x00000006   Code   RO         1085    .ARM.Collect$$_printf_percent$$00000013  c_w.l(_printf_c.o)
    0x08000276   0x08000276   0x00000006   Code   RO         1086    .ARM.Collect$$_printf_percent$$00000014  c_w.l(_printf_s.o)
    0x0800027c   0x0800027c   0x00000006   Code   RO         1104    .ARM.Collect$$_printf_percent$$00000015  c_w.l(_printf_lc.o)
    0x08000282   0x08000282   0x00000006   Code   RO         1105    .ARM.Collect$$_printf_percent$$00000016  c_w.l(_printf_ls.o)
    0x08000288   0x08000288   0x00000004   Code   RO         1159    .ARM.Collect$$_printf_percent$$00000017  c_w.l(_printf_percent_end.o)
    0x0800028c   0x0800028c   0x00000002   Code   RO         1214    .ARM.Collect$$libinit$$00000000  c_w.l(libinit.o)
    0x0800028e   0x0800028e   0x00000004   Code   RO         1237    .ARM.Collect$$libinit$$00000001  c_w.l(libinit2.o)
    0x08000292   0x08000292   0x00000000   Code   RO         1240    .ARM.Collect$$libinit$$00000004  c_w.l(libinit2.o)
    0x08000292   0x08000292   0x00000000   Code   RO         1242    .ARM.Collect$$libinit$$00000006  c_w.l(libinit2.o)
    0x08000292   0x08000292   0x00000000   Code   RO         1245    .ARM.Collect$$libinit$$0000000C  c_w.l(libinit2.o)
    0x08000292   0x08000292   0x00000000   Code   RO         1247    .ARM.Collect$$libinit$$0000000E  c_w.l(libinit2.o)
    0x08000292   0x08000292   0x00000000   Code   RO         1249    .ARM.Collect$$libinit$$00000010  c_w.l(libinit2.o)
    0x08000292   0x08000292   0x00000006   Code   RO         1250    .ARM.Collect$$libinit$$00000011  c_w.l(libinit2.o)
    0x08000298   0x08000298   0x00000000   Code   RO         1252    .ARM.Collect$$libinit$$00000013  c_w.l(libinit2.o)
    0x08000298   0x08000298   0x0000000c   Code   RO         1253    .ARM.Collect$$libinit$$00000014  c_w.l(libinit2.o)
    0x080002a4   0x080002a4   0x00000000   Code   RO         1254    .ARM.Collect$$libinit$$00000015  c_w.l(libinit2.o)
    0x080002a4   0x080002a4   0x00000000   Code   RO         1256    .ARM.Collect$$libinit$$00000017  c_w.l(libinit2.o)
    0x080002a4   0x080002a4   0x0000000a   Code   RO         1257    .ARM.Collect$$libinit$$00000018  c_w.l(libinit2.o)
    0x080002ae   0x080002ae   0x00000000   Code   RO         1258    .ARM.Collect$$libinit$$00000019  c_w.l(libinit2.o)
    0x080002ae   0x080002ae   0x00000000   Code   RO         1260    .ARM.Collect$$libinit$$0000001B  c_w.l(libinit2.o)
    0x080002ae   0x080002ae   0x00000000   Code   RO         1262    .ARM.Collect$$libinit$$0000001D  c_w.l(libinit2.o)
    0x080002ae   0x080002ae   0x00000000   Code   RO         1264    .ARM.Collect$$libinit$$0000001F  c_w.l(libinit2.o)
    0x080002ae   0x080002ae   0x00000000   Code   RO         1266    .ARM.Collect$$libinit$$00000021  c_w.l(libinit2.o)
    0x080002ae   0x080002ae   0x00000000   Code   RO         1268    .ARM.Collect$$libinit$$00000023  c_w.l(libinit2.o)
    0x080002ae   0x080002ae   0x00000000   Code   RO         1270    .ARM.Collect$$libinit$$00000025  c_w.l(libinit2.o)
    0x080002ae   0x080002ae   0x00000000   Code   RO         1272    .ARM.Collect$$libinit$$00000027  c_w.l(libinit2.o)
    0x080002ae   0x080002ae   0x00000000   Code   RO         1276    .ARM.Collect$$libinit$$0000002E  c_w.l(libinit2.o)
    0x080002ae   0x080002ae   0x00000000   Code   RO         1278    .ARM.Collect$$libinit$$00000030  c_w.l(libinit2.o)
    0x080002ae   0x080002ae   0x00000000   Code   RO         1280    .ARM.Collect$$libinit$$00000032  c_w.l(libinit2.o)
    0x080002ae   0x080002ae   0x00000000   Code   RO         1282    .ARM.Collect$$libinit$$00000034  c_w.l(libinit2.o)
    0x080002ae   0x080002ae   0x00000002   Code   RO         1283    .ARM.Collect$$libinit$$00000035  c_w.l(libinit2.o)
    0x080002b0   0x080002b0   0x00000002   Code   RO         1320    .ARM.Collect$$libshutdown$$00000000  c_w.l(libshutdown.o)
    0x080002b2   0x080002b2   0x00000000   Code   RO         1348    .ARM.Collect$$libshutdown$$00000002  c_w.l(libshutdown2.o)
    0x080002b2   0x080002b2   0x00000000   Code   RO         1350    .ARM.Collect$$libshutdown$$00000004  c_w.l(libshutdown2.o)
    0x080002b2   0x080002b2   0x00000000   Code   RO         1353    .ARM.Collect$$libshutdown$$00000007  c_w.l(libshutdown2.o)
    0x080002b2   0x080002b2   0x00000000   Code   RO         1356    .ARM.Collect$$libshutdown$$0000000A  c_w.l(libshutdown2.o)
    0x080002b2   0x080002b2   0x00000000   Code   RO         1358    .ARM.Collect$$libshutdown$$0000000C  c_w.l(libshutdown2.o)
    0x080002b2   0x080002b2   0x00000000   Code   RO         1361    .ARM.Collect$$libshutdown$$0000000F  c_w.l(libshutdown2.o)
    0x080002b2   0x080002b2   0x00000002   Code   RO         1362    .ARM.Collect$$libshutdown$$00000010  c_w.l(libshutdown2.o)
    0x080002b4   0x080002b4   0x00000000   Code   RO         1012    .ARM.Collect$$rtentry$$00000000  c_w.l(__rtentry.o)
    0x080002b4   0x080002b4   0x00000000   Code   RO         1126    .ARM.Collect$$rtentry$$00000002  c_w.l(__rtentry2.o)
    0x080002b4   0x080002b4   0x00000006   Code   RO         1138    .ARM.Collect$$rtentry$$00000004  c_w.l(__rtentry4.o)
    0x080002ba   0x080002ba   0x00000000   Code   RO         1128    .ARM.Collect$$rtentry$$00000009  c_w.l(__rtentry2.o)
    0x080002ba   0x080002ba   0x00000004   Code   RO         1129    .ARM.Collect$$rtentry$$0000000A  c_w.l(__rtentry2.o)
    0x080002be   0x080002be   0x00000000   Code   RO         1131    .ARM.Collect$$rtentry$$0000000C  c_w.l(__rtentry2.o)
    0x080002be   0x080002be   0x00000008   Code   RO         1132    .ARM.Collect$$rtentry$$0000000D  c_w.l(__rtentry2.o)
    0x080002c6   0x080002c6   0x00000002   Code   RO         1222    .ARM.Collect$$rtexit$$00000000  c_w.l(rtexit.o)
    0x080002c8   0x080002c8   0x00000000   Code   RO         1289    .ARM.Collect$$rtexit$$00000002  c_w.l(rtexit2.o)
    0x080002c8   0x080002c8   0x00000004   Code   RO         1290    .ARM.Collect$$rtexit$$00000003  c_w.l(rtexit2.o)
    0x080002cc   0x080002cc   0x00000006   Code   RO         1291    .ARM.Collect$$rtexit$$00000004  c_w.l(rtexit2.o)
    0x080002d2   0x080002d2   0x00000002   PAD
    0x080002d4   0x080002d4   0x00000040   Code   RO            4    .text               startup_stm32f407xx.o
    0x08000314   0x08000314   0x000000f0   Code   RO          992    .text               c_w.l(lludivv7m.o)
    0x08000404   0x08000404   0x0000002c   Code   RO          994    .text               c_w.l(sprintf.o)
    0x08000430   0x08000430   0x0000004e   Code   RO          996    .text               c_w.l(rt_memclr_w.o)
    0x0800047e   0x0800047e   0x00000006   Code   RO          998    .text               c_w.l(heapauxi.o)
    0x08000484   0x08000484   0x0000004e   Code   RO         1019    .text               c_w.l(_printf_pad.o)
    0x080004d2   0x080004d2   0x00000024   Code   RO         1021    .text               c_w.l(_printf_truncate.o)
    0x080004f6   0x080004f6   0x00000052   Code   RO         1023    .text               c_w.l(_printf_str.o)
    0x08000548   0x08000548   0x00000078   Code   RO         1025    .text               c_w.l(_printf_dec.o)
    0x080005c0   0x080005c0   0x00000028   Code   RO         1027    .text               c_w.l(_printf_charcount.o)
    0x080005e8   0x080005e8   0x00000030   Code   RO         1029    .text               c_w.l(_printf_char_common.o)
    0x08000618   0x08000618   0x0000000a   Code   RO         1031    .text               c_w.l(_sputc.o)
    0x08000622   0x08000622   0x00000002   PAD
    0x08000624   0x08000624   0x000000bc   Code   RO         1033    .text               c_w.l(_printf_wctomb.o)
    0x080006e0   0x080006e0   0x0000007c   Code   RO         1036    .text               c_w.l(_printf_longlong_dec.o)
    0x0800075c   0x0800075c   0x00000070   Code   RO         1042    .text               c_w.l(_printf_oct_int_ll.o)
    0x080007cc   0x080007cc   0x00000094   Code   RO         1062    .text               c_w.l(_printf_hex_int_ll_ptr.o)
    0x08000860   0x08000860   0x00000188   Code   RO         1082    .text               c_w.l(__printf_flags_ss_wp.o)
    0x080009e8   0x080009e8   0x0000008a   Code   RO         1142    .text               c_w.l(lludiv10.o)
    0x08000a72   0x08000a72   0x000000b2   Code   RO         1144    .text               c_w.l(_printf_intcommon.o)
    0x08000b24   0x08000b24   0x0000041c   Code   RO         1146    .text               c_w.l(_printf_fp_dec.o)
    0x08000f40   0x08000f40   0x000002fc   Code   RO         1150    .text               c_w.l(_printf_fp_hex.o)
    0x0800123c   0x0800123c   0x0000002c   Code   RO         1155    .text               c_w.l(_printf_char.o)
    0x08001268   0x08001268   0x0000002c   Code   RO         1157    .text               c_w.l(_printf_wchar.o)
    0x08001294   0x08001294   0x00000048   Code   RO         1160    .text               c_w.l(_c16rtomb.o)
    0x080012dc   0x080012dc   0x0000004a   Code   RO         1162    .text               c_w.l(sys_stackheap_outer.o)
    0x08001326   0x08001326   0x00000002   PAD
    0x08001328   0x08001328   0x00000010   Code   RO         1164    .text               c_w.l(rt_ctype_table.o)
    0x08001338   0x08001338   0x00000008   Code   RO         1169    .text               c_w.l(rt_locale_intlibspace.o)
    0x08001340   0x08001340   0x00000080   Code   RO         1171    .text               c_w.l(_printf_fp_infnan.o)
    0x080013c0   0x080013c0   0x000000e4   Code   RO         1173    .text               c_w.l(bigflt0.o)
    0x080014a4   0x080014a4   0x00000012   Code   RO         1203    .text               c_w.l(exit.o)
    0x080014b6   0x080014b6   0x00000002   PAD
    0x080014b8   0x080014b8   0x00000008   Code   RO         1219    .text               c_w.l(libspace.o)
    0x080014c0   0x080014c0   0x0000007c   Code   RO         1235    .text               c_w.l(strcmpv7em.o)
    0x0800153c   0x0800153c   0x0000000c   Code   RO         1284    .text               c_w.l(sys_exit.o)
    0x08001548   0x08001548   0x00000002   Code   RO         1309    .text               c_w.l(use_no_semi.o)
    0x0800154a   0x0800154a   0x00000000   Code   RO         1311    .text               c_w.l(indicate_semi.o)
    0x0800154a   0x0800154a   0x00000002   PAD
    0x0800154c   0x0800154c   0x0000018a   Code   RO          151    .text.ADC_Init      stm32f4xx_hal_adc.o
    0x080016d6   0x080016d6   0x00000002   PAD
    0x080016d8   0x080016d8   0x00000004   Code   RO           79    .text.BusFault_Handler  stm32f4xx_it.o
    0x080016dc   0x080016dc   0x00000002   Code   RO           85    .text.DebugMon_Handler  stm32f4xx_it.o
    0x080016de   0x080016de   0x00000002   PAD
    0x080016e0   0x080016e0   0x0000000e   Code   RO           55    .text.Error_Handler  main.o
    0x080016ee   0x080016ee   0x00000002   PAD
    0x080016f0   0x080016f0   0x00000098   Code   RO           17    .text.GPIO_Config   stm32f407_i2c_lcd16x02_driver.o
    0x08001788   0x08001788   0x0000009a   Code   RO          125    .text.GPIO_Config   i2c2.o
    0x08001822   0x08001822   0x00000002   PAD
    0x08001824   0x08001824   0x00000218   Code   RO          191    .text.HAL_ADC_ConfigChannel  stm32f4xx_hal_adc.o
    0x08001a3c   0x08001a3c   0x0000000e   Code   RO          187    .text.HAL_ADC_GetValue  stm32f4xx_hal_adc.o
    0x08001a4a   0x08001a4a   0x00000002   PAD
    0x08001a4c   0x08001a4c   0x000000a8   Code   RO          147    .text.HAL_ADC_Init  stm32f4xx_hal_adc.o
    0x08001af4   0x08001af4   0x00000086   Code   RO          100    .text.HAL_ADC_MspInit  stm32f4xx_hal_msp.o
    0x08001b7a   0x08001b7a   0x00000002   PAD
    0x08001b7c   0x08001b7c   0x0000012a   Code   RO          161    .text.HAL_ADC_PollForConversion  stm32f4xx_hal_adc.o
    0x08001ca6   0x08001ca6   0x00000002   PAD
    0x08001ca8   0x08001ca8   0x000001d0   Code   RO          157    .text.HAL_ADC_Start  stm32f4xx_hal_adc.o
    0x08001e78   0x08001e78   0x00000042   Code   RO          607    .text.HAL_Delay     stm32f4xx_hal.o
    0x08001eba   0x08001eba   0x00000002   PAD
    0x08001ebc   0x08001ebc   0x000003b6   Code   RO          380    .text.HAL_GPIO_Init  stm32f4xx_hal_gpio.o
    0x08002272   0x08002272   0x00000002   PAD
    0x08002274   0x08002274   0x0000000c   Code   RO          599    .text.HAL_GetTick   stm32f4xx_hal.o
    0x08002280   0x08002280   0x000002a4   Code   RO          676    .text.HAL_I2C_Init  stm32f4xx_hal_i2c.o
    0x08002524   0x08002524   0x0000028a   Code   RO          742    .text.HAL_I2C_IsDeviceReady  stm32f4xx_hal_i2c.o
    0x080027ae   0x080027ae   0x00000002   PAD
    0x080027b0   0x080027b0   0x00000208   Code   RO          684    .text.HAL_I2C_Master_Transmit  stm32f4xx_hal_i2c.o
    0x080029b8   0x080029b8   0x0000010e   Code   RO          104    .text.HAL_I2C_MspInit  stm32f4xx_hal_msp.o
    0x08002ac6   0x08002ac6   0x00000002   PAD
    0x08002ac8   0x08002ac8   0x0000001a   Code   RO          597    .text.HAL_IncTick   stm32f4xx_hal.o
    0x08002ae2   0x08002ae2   0x00000002   PAD
    0x08002ae4   0x08002ae4   0x00000036   Code   RO          587    .text.HAL_Init      stm32f4xx_hal.o
    0x08002b1a   0x08002b1a   0x00000002   PAD
    0x08002b1c   0x08002b1c   0x00000070   Code   RO          589    .text.HAL_InitTick  stm32f4xx_hal.o
    0x08002b8c   0x08002b8c   0x0000004a   Code   RO           98    .text.HAL_MspInit   stm32f4xx_hal_msp.o
    0x08002bd6   0x08002bd6   0x00000002   PAD
    0x08002bd8   0x08002bd8   0x00000032   Code   RO          520    .text.HAL_NVIC_SetPriority  stm32f4xx_hal_cortex.o
    0x08002c0a   0x08002c0a   0x00000002   PAD
    0x08002c0c   0x08002c0c   0x00000010   Code   RO          516    .text.HAL_NVIC_SetPriorityGrouping  stm32f4xx_hal_cortex.o
    0x08002c1c   0x08002c1c   0x00000262   Code   RO          248    .text.HAL_RCC_ClockConfig  stm32f4xx_hal_rcc.o
    0x08002e7e   0x08002e7e   0x00000002   PAD
    0x08002e80   0x08002e80   0x0000000c   Code   RO          258    .text.HAL_RCC_GetHCLKFreq  stm32f4xx_hal_rcc.o
    0x08002e8c   0x08002e8c   0x00000022   Code   RO          260    .text.HAL_RCC_GetPCLK1Freq  stm32f4xx_hal_rcc.o
    0x08002eae   0x08002eae   0x00000002   PAD
    0x08002eb0   0x08002eb0   0x00000022   Code   RO          262    .text.HAL_RCC_GetPCLK2Freq  stm32f4xx_hal_rcc.o
    0x08002ed2   0x08002ed2   0x00000002   PAD
    0x08002ed4   0x08002ed4   0x000000e6   Code   RO          250    .text.HAL_RCC_GetSysClockFreq  stm32f4xx_hal_rcc.o
    0x08002fba   0x08002fba   0x00000002   PAD
    0x08002fbc   0x08002fbc   0x000006be   Code   RO          246    .text.HAL_RCC_OscConfig  stm32f4xx_hal_rcc.o
    0x0800367a   0x0800367a   0x00000002   PAD
    0x0800367c   0x0800367c   0x00000034   Code   RO          574    .text.HAL_SYSTICK_CLKSourceConfig  stm32f4xx_hal_cortex.o
    0x080036b0   0x080036b0   0x00000010   Code   RO          540    .text.HAL_SYSTICK_Config  stm32f4xx_hal_cortex.o
    0x080036c0   0x080036c0   0x0000009a   Code   RO          848    .text.HAL_UART_Init  stm32f4xx_hal_uart.o
    0x0800375a   0x0800375a   0x00000002   PAD
    0x0800375c   0x0800375c   0x000001b8   Code   RO          108    .text.HAL_UART_MspInit  stm32f4xx_hal_msp.o
    0x08003914   0x08003914   0x00000164   Code   RO          868    .text.HAL_UART_Receive  stm32f4xx_hal_uart.o
    0x08003a78   0x08003a78   0x0000014e   Code   RO          864    .text.HAL_UART_Transmit  stm32f4xx_hal_uart.o
    0x08003bc6   0x08003bc6   0x00000002   PAD
    0x08003bc8   0x08003bc8   0x00000004   Code   RO           75    .text.HardFault_Handler  stm32f4xx_it.o
    0x08003bcc   0x08003bcc   0x0000005e   Code   RO           19    .text.I2C_Config    stm32f407_i2c_lcd16x02_driver.o
    0x08003c2a   0x08003c2a   0x00000002   PAD
    0x08003c2c   0x08003c2c   0x0000005e   Code   RO          127    .text.I2C_Config    i2c2.o
    0x08003c8a   0x08003c8a   0x00000002   PAD
    0x08003c8c   0x08003c8c   0x00000064   Code   RO          836    .text.I2C_IsAcknowledgeFailed  stm32f4xx_hal_i2c.o
    0x08003cf0   0x08003cf0   0x00000112   Code   RO          688    .text.I2C_MasterRequestWrite  stm32f4xx_hal_i2c.o
    0x08003e02   0x08003e02   0x00000002   PAD
    0x08003e04   0x08003e04   0x00000096   Code   RO          692    .text.I2C_WaitOnBTFFlagUntilTimeout  stm32f4xx_hal_i2c.o
    0x08003e9a   0x08003e9a   0x00000002   PAD
    0x08003e9c   0x08003e9c   0x000000be   Code   RO          686    .text.I2C_WaitOnFlagUntilTimeout  stm32f4xx_hal_i2c.o
    0x08003f5a   0x08003f5a   0x00000002   PAD
    0x08003f5c   0x08003f5c   0x00000110   Code   RO          834    .text.I2C_WaitOnMasterAddressFlagUntilTimeout  stm32f4xx_hal_i2c.o
    0x0800406c   0x0800406c   0x00000094   Code   RO          690    .text.I2C_WaitOnTXEFlagUntilTimeout  stm32f4xx_hal_i2c.o
    0x08004100   0x08004100   0x00000036   Code   RO           15    .text.LCD_Init      stm32f407_i2c_lcd16x02_driver.o
    0x08004136   0x08004136   0x00000002   PAD
    0x08004138   0x08004138   0x00000036   Code   RO          123    .text.LCD_Init_1    i2c2.o
    0x0800416e   0x0800416e   0x00000002   PAD
    0x08004170   0x08004170   0x000000c2   Code   RO           11    .text.LCD_Send_Cmd  stm32f407_i2c_lcd16x02_driver.o
    0x08004232   0x08004232   0x00000002   PAD
    0x08004234   0x08004234   0x000000c2   Code   RO          119    .text.LCD_Send_Cmd_1  i2c2.o
    0x080042f6   0x080042f6   0x00000002   PAD
    0x080042f8   0x080042f8   0x000000bc   Code   RO           13    .text.LCD_Send_Data  stm32f407_i2c_lcd16x02_driver.o
    0x080043b4   0x080043b4   0x000000bc   Code   RO          121    .text.LCD_Send_Data_1  i2c2.o
    0x08004470   0x08004470   0x00000022   Code   RO           21    .text.LCD_Send_String  stm32f407_i2c_lcd16x02_driver.o
    0x08004492   0x08004492   0x00000002   PAD
    0x08004494   0x08004494   0x00000022   Code   RO          129    .text.LCD_Send_String_1  i2c2.o
    0x080044b6   0x080044b6   0x00000002   PAD
    0x080044b8   0x080044b8   0x0000007a   Code   RO           45    .text.MX_ADC1_Init  main.o
    0x08004532   0x08004532   0x00000002   PAD
    0x08004534   0x08004534   0x000000b0   Code   RO           43    .text.MX_GPIO_Init  main.o
    0x080045e4   0x080045e4   0x00000048   Code   RO           47    .text.MX_I2C1_Init  main.o
    0x0800462c   0x0800462c   0x00000048   Code   RO           51    .text.MX_I2C2_Init  main.o
    0x08004674   0x08004674   0x00000040   Code   RO           49    .text.MX_UART4_Init  main.o
    0x080046b4   0x080046b4   0x00000040   Code   RO           53    .text.MX_UART5_Init  main.o
    0x080046f4   0x080046f4   0x00000004   Code   RO           77    .text.MemManage_Handler  stm32f4xx_it.o
    0x080046f8   0x080046f8   0x00000004   Code   RO           73    .text.NMI_Handler   stm32f4xx_it.o
    0x080046fc   0x080046fc   0x0000006c   Code   RO          526    .text.NVIC_EncodePriority  stm32f4xx_hal_cortex.o
    0x08004768   0x08004768   0x00000002   Code   RO           87    .text.PendSV_Handler  stm32f4xx_it.o
    0x0800476a   0x0800476a   0x00000002   PAD
    0x0800476c   0x0800476c   0x00000002   Code   RO           83    .text.SVC_Handler   stm32f4xx_it.o
    0x0800476e   0x0800476e   0x00000002   PAD
    0x08004770   0x08004770   0x00000052   Code   RO          542    .text.SysTick_Config  stm32f4xx_hal_cortex.o
    0x080047c2   0x080047c2   0x00000002   PAD
    0x080047c4   0x080047c4   0x00000008   Code   RO           89    .text.SysTick_Handler  stm32f4xx_it.o
    0x080047cc   0x080047cc   0x000000b8   Code   RO           41    .text.SystemClock_Config  main.o
    0x08004884   0x08004884   0x00000012   Code   RO          977    .text.SystemInit    system_stm32f4xx.o
    0x08004896   0x08004896   0x00000002   PAD
    0x08004898   0x08004898   0x0000013a   Code   RO          852    .text.UART_SetConfig  stm32f4xx_hal_uart.o
    0x080049d2   0x080049d2   0x00000002   PAD
    0x080049d4   0x080049d4   0x000000d2   Code   RO          866    .text.UART_WaitOnFlagUntilTimeout  stm32f4xx_hal_uart.o
    0x08004aa6   0x08004aa6   0x00000002   PAD
    0x08004aa8   0x08004aa8   0x00000004   Code   RO           81    .text.UsageFault_Handler  stm32f4xx_it.o
    0x08004aac   0x08004aac   0x00000010   Code   RO          522    .text.__NVIC_GetPriorityGrouping  stm32f4xx_hal_cortex.o
    0x08004abc   0x08004abc   0x00000042   Code   RO          524    .text.__NVIC_SetPriority  stm32f4xx_hal_cortex.o
    0x08004afe   0x08004afe   0x00000002   PAD
    0x08004b00   0x08004b00   0x0000003c   Code   RO          518    .text.__NVIC_SetPriorityGrouping  stm32f4xx_hal_cortex.o
    0x08004b3c   0x08004b3c   0x00000004   PAD
    0x08004b40   0x08004b40   0x000002fc   Code   RO           39    .text.main          main.o
    0x08004e3c   0x08004e3c   0x0000003e   Code   RO         1176    CL$$btod_d2e        c_w.l(btod.o)
    0x08004e7a   0x08004e7a   0x00000046   Code   RO         1178    CL$$btod_d2e_denorm_low  c_w.l(btod.o)
    0x08004ec0   0x08004ec0   0x00000060   Code   RO         1177    CL$$btod_d2e_norm_op1  c_w.l(btod.o)
    0x08004f20   0x08004f20   0x00000338   Code   RO         1186    CL$$btod_div_common  c_w.l(btod.o)
    0x08005258   0x08005258   0x000000dc   Code   RO         1183    CL$$btod_e2e        c_w.l(btod.o)
    0x08005334   0x08005334   0x0000002a   Code   RO         1180    CL$$btod_ediv       c_w.l(btod.o)
    0x0800535e   0x0800535e   0x0000002a   Code   RO         1179    CL$$btod_emul       c_w.l(btod.o)
    0x08005388   0x08005388   0x00000244   Code   RO         1185    CL$$btod_mult_common  c_w.l(btod.o)
    0x080055cc   0x080055cc   0x00000030   Code   RO         1217    i.__ARM_fpclassify  m_wm.l(fpclassify.o)
    0x080055fc   0x080055fc   0x0000000e   Code   RO         1075    i._is_digit         c_w.l(__printf_wp.o)
    0x0800560a   0x0800560a   0x00000002   PAD
    0x0800560c   0x0800560c   0x0000002c   Code   RO         1201    locale$$code        c_w.l(lc_numeric_c.o)
    0x08005638   0x08005638   0x0000002c   Code   RO         1229    locale$$code        c_w.l(lc_ctype_c.o)
    0x08005664   0x08005664   0x00000062   Code   RO         1002    x$fpl$d2f           fz_wm.l(d2f.o)
    0x080056c6   0x080056c6   0x00000002   PAD
    0x080056c8   0x080056c8   0x000002b4   Code   RO         1005    x$fpl$ddiv          fz_wm.l(ddiv.o)
    0x0800597c   0x0800597c   0x00000154   Code   RO         1008    x$fpl$dmul          fz_wm.l(dmul.o)
    0x08005ad0   0x08005ad0   0x0000009c   Code   RO         1108    x$fpl$dnaninf       fz_wm.l(dnaninf.o)
    0x08005b6c   0x08005b6c   0x0000000c   Code   RO         1110    x$fpl$dretinf       fz_wm.l(dretinf.o)
    0x08005b78   0x08005b78   0x00000056   Code   RO         1010    x$fpl$f2d           fz_wm.l(f2d.o)
    0x08005bce   0x08005bce   0x0000008c   Code   RO         1112    x$fpl$fnaninf       fz_wm.l(fnaninf.o)
    0x08005c5a   0x08005c5a   0x0000001a   Code   RO         1303    x$fpl$fpinit        fz_wm.l(fpinit.o)
    0x08005c74   0x08005c74   0x0000000a   Code   RO         1114    x$fpl$fretinf       fz_wm.l(fretinf.o)
    0x08005c7e   0x08005c7e   0x00000004   Code   RO         1116    x$fpl$printf1       fz_wm.l(printf1.o)
    0x08005c82   0x08005c82   0x00000004   Code   RO         1118    x$fpl$printf2       fz_wm.l(printf2.o)
    0x08005c86   0x08005c86   0x00000000   Code   RO         1124    x$fpl$usenofp       fz_wm.l(usenofp.o)
    0x08005c86   0x08005c86   0x00000002   PAD
    0x08005c88   0x08005c88   0x00000008   Data   RO         1034    .constdata          c_w.l(_printf_wctomb.o)
    0x08005c90   0x08005c90   0x00000028   Data   RO         1063    .constdata          c_w.l(_printf_hex_int_ll_ptr.o)
    0x08005cb8   0x08005cb8   0x00000011   Data   RO         1083    .constdata          c_w.l(__printf_flags_ss_wp.o)
    0x08005cc9   0x08005cc9   0x00000026   Data   RO         1151    .constdata          c_w.l(_printf_fp_hex.o)
    0x08005cef   0x08005cef   0x00000001   PAD
    0x08005cf0   0x08005cf0   0x00000094   Data   RO         1174    .constdata          c_w.l(bigflt0.o)
    0x08005d84   0x08005d84   0x00000010   Data   RO          982    .rodata.AHBPrescTable  system_stm32f4xx.o
    0x08005d94   0x08005d94   0x00000008   Data   RO          983    .rodata.APBPrescTable  system_stm32f4xx.o
    0x08005d9c   0x08005d9c   0x00000065   Data   RO           60    .rodata.str1.1      main.o
    0x08005e01   0x08005e01   0x00000003   PAD
    0x08005e04   0x08005e04   0x00000020   Data   RO         1364    Region$$Table       anon$$obj.o
    0x08005e24   0x08005e24   0x0000001c   Data   RO         1200    locale$$data        c_w.l(lc_numeric_c.o)
    0x08005e40   0x08005e40   0x00000110   Data   RO         1228    locale$$data        c_w.l(lc_ctype_c.o)


    Execution Region RW_IRAM1 (Exec base: 0x20000000, Load base: 0x08005f50, Size: 0x000008a0, Max: 0x0001c000, ABSOLUTE)

    Exec Addr    Load Addr    Size         Type   Attr      Idx    E Section Name        Object

    0x20000000   0x08005f50   0x00000004   Data   RW          981    .data.SystemCoreClock  system_stm32f4xx.o
    0x20000004   0x08005f54   0x00000001   Data   RW          642    .data.uwTickFreq    stm32f4xx_hal.o
    0x20000005   0x08005f55   0x00000003   PAD
    0x20000008   0x08005f58   0x00000004   Data   RW          641    .data.uwTickPrio    stm32f4xx_hal.o
    0x2000000c   0x08005f5c   0x00000004   PAD
    0x20000010        -       0x00000060   Zero   RW         1220    .bss                c_w.l(libspace.o)
    0x20000070        -       0x00000048   Zero   RW           61    .bss.hadc1          main.o
    0x200000b8        -       0x00000054   Zero   RW           63    .bss.hi2c1          main.o
    0x2000010c        -       0x00000054   Zero   RW           64    .bss.hi2c2          main.o
    0x20000160        -       0x00000044   Zero   RW           62    .bss.huart4         main.o
    0x200001a4        -       0x00000044   Zero   RW           59    .bss.huart5         main.o
    0x200001e8        -       0x00000004   Zero   RW           57    .bss.moisture_data  main.o
    0x200001ec        -       0x00000054   Zero   RW           31    .bss.myI2Chandle    stm32f407_i2c_lcd16x02_driver.o
    0x20000240        -       0x00000054   Zero   RW          139    .bss.myI2Chandle_1  i2c2.o
    0x20000294        -       0x00000004   Zero   RW          643    .bss.uwTick         stm32f4xx_hal.o
    0x20000298        -       0x00000001   Zero   RW           58    .bss.water_level_rxBuffer  main.o
    0x20000299   0x08005f5c   0x00000007   PAD
    0x200002a0        -       0x00000200   Zero   RW            2    HEAP                startup_stm32f407xx.o
    0x200004a0        -       0x00000400   Zero   RW            1    STACK               startup_stm32f407xx.o


    Execution Region RW_IRAM2 (Exec base: 0x2001c000, Load base: 0x08005f60, Size: 0x00000000, Max: 0x00004000, ABSOLUTE)

    **** No section assigned to this execution region ****


==============================================================================

Image component sizes


      Code (inc. data)   RO Data    RW Data    ZI Data      Debug   Object Name

       718          0          0          0         84       8284   i2c2.o
      1532         28        101          0        381       9303   main.o
        64         26        392          0       1536        856   startup_stm32f407xx.o
       716          0          0          0         84       8340   stm32f407_i2c_lcd16x02_driver.o
       270          0          0          5          4       7112   stm32f4xx_hal.o
      1874          0          0          0          0      10052   stm32f4xx_hal_adc.o
       466          0          0          0          0       9425   stm32f4xx_hal_cortex.o
       950          0          0          0          0       5091   stm32f4xx_hal_gpio.o
      2980          0          0          0          0      37224   stm32f4xx_hal_i2c.o
       918          0          0          0          0       8213   stm32f4xx_hal_msp.o
      2646          0          0          0          0       7575   stm32f4xx_hal_rcc.o
      1368          0          0          0          0      20114   stm32f4xx_hal_uart.o
        34          0          0          0          0       1030   stm32f4xx_it.o
        18          0         24          4          0       2528   system_stm32f4xx.o

    ----------------------------------------------------------------------
     14640         54        552         12       2100     135147   Object Totals
         0          0         32          0          0          0   (incl. Generated)
        86          0          3          3         11          0   (incl. Padding)

    ----------------------------------------------------------------------

      Code (inc. data)   RO Data    RW Data    ZI Data      Debug   Library Member Name

         8          0          0          0          0         68   __main.o
       392          4         17          0          0         92   __printf_flags_ss_wp.o
        14          0          0          0          0         68   __printf_wp.o
         0          0          0          0          0          0   __rtentry.o
        12          0          0          0          0          0   __rtentry2.o
         6          0          0          0          0          0   __rtentry4.o
        52          8          0          0          0          0   __scatter.o
        26          0          0          0          0          0   __scatter_copy.o
        28          0          0          0          0          0   __scatter_zi.o
        72          0          0          0          0         96   _c16rtomb.o
         6          0          0          0          0          0   _printf_a.o
         6          0          0          0          0          0   _printf_c.o
        44          0          0          0          0        108   _printf_char.o
        48          6          0          0          0         96   _printf_char_common.o
        40          0          0          0          0         68   _printf_charcount.o
         6          0          0          0          0          0   _printf_d.o
       120         16          0          0          0         92   _printf_dec.o
         6          0          0          0          0          0   _printf_e.o
         6          0          0          0          0          0   _printf_f.o
      1052          0          0          0          0        148   _printf_fp_dec.o
       764          8         38          0          0        100   _printf_fp_hex.o
       128         16          0          0          0         84   _printf_fp_infnan.o
         6          0          0          0          0          0   _printf_g.o
       148          4         40          0          0        160   _printf_hex_int_ll_ptr.o
         6          0          0          0          0          0   _printf_i.o
       178          0          0          0          0         88   _printf_intcommon.o
        10          0          0          0          0          0   _printf_l.o
         6          0          0          0          0          0   _printf_lc.o
        10          0          0          0          0          0   _printf_ll.o
         6          0          0          0          0          0   _printf_lld.o
         6          0          0          0          0          0   _printf_lli.o
         6          0          0          0          0          0   _printf_llo.o
         6          0          0          0          0          0   _printf_llu.o
         6          0          0          0          0          0   _printf_llx.o
       124         16          0          0          0         92   _printf_longlong_dec.o
         6          0          0          0          0          0   _printf_ls.o
         6          0          0          0          0          0   _printf_n.o
         6          0          0          0          0          0   _printf_o.o
       112          8          0          0          0        124   _printf_oct_int_ll.o
         6          0          0          0          0          0   _printf_p.o
        78          0          0          0          0        108   _printf_pad.o
         0          0          0          0          0          0   _printf_percent.o
         4          0          0          0          0          0   _printf_percent_end.o
         6          0          0          0          0          0   _printf_s.o
        82          0          0          0          0         80   _printf_str.o
        36          0          0          0          0         84   _printf_truncate.o
         6          0          0          0          0          0   _printf_u.o
        44          0          0          0          0        108   _printf_wchar.o
       188          6          8          0          0         92   _printf_wctomb.o
         6          0          0          0          0          0   _printf_x.o
        10          0          0          0          0         68   _sputc.o
       228          4        148          0          0         96   bigflt0.o
      1936        128          0          0          0        668   btod.o
        18          0          0          0          0         80   exit.o
         6          0          0          0          0        152   heapauxi.o
         0          0          0          0          0          0   indicate_semi.o
        44         10        272          0          0         76   lc_ctype_c.o
        44         10         28          0          0         76   lc_numeric_c.o
         2          0          0          0          0          0   libinit.o
        34          0          0          0          0          0   libinit2.o
         2          0          0          0          0          0   libshutdown.o
         2          0          0          0          0          0   libshutdown2.o
         8          4          0          0         96         68   libspace.o
       138          0          0          0          0         80   lludiv10.o
       240          0          0          0          0        100   lludivv7m.o
        16          4          0          0          0         76   rt_ctype_table.o
         8          4          0          0          0         68   rt_locale_intlibspace.o
        78          0          0          0          0         80   rt_memclr_w.o
         2          0          0          0          0          0   rtexit.o
        10          0          0          0          0          0   rtexit2.o
        44          6          0          0          0         84   sprintf.o
       124          0          0          0          0         88   strcmpv7em.o
        12          4          0          0          0         68   sys_exit.o
        74          0          0          0          0         80   sys_stackheap_outer.o
         2          0          0          0          0         68   use_no_semi.o
        98          4          0          0          0        140   d2f.o
       692        140          0          0          0        264   ddiv.o
       340         12          0          0          0        152   dmul.o
       156          4          0          0          0        140   dnaninf.o
        12          0          0          0          0        116   dretinf.o
        86          4          0          0          0        132   f2d.o
       140          4          0          0          0        132   fnaninf.o
        26          0          0          0          0        116   fpinit.o
        10          0          0          0          0        116   fretinf.o
         4          0          0          0          0        116   printf1.o
         4          0          0          0          0        116   printf2.o
         0          0          0          0          0          0   usenofp.o
        48          0          0          0          0        124   fpclassify.o

    ----------------------------------------------------------------------
      8656        434        552          0         96       5696   Library Totals
        18          0          1          0          0          0   (incl. Padding)

    ----------------------------------------------------------------------

      Code (inc. data)   RO Data    RW Data    ZI Data      Debug   Library Name

      7022        266        551          0         96       4032   c_w.l
      1568        168          0          0          0       1540   fz_wm.l
        48          0          0          0          0        124   m_wm.l

    ----------------------------------------------------------------------
      8656        434        552          0         96       5696   Library Totals

    ----------------------------------------------------------------------

==============================================================================


      Code (inc. data)   RO Data    RW Data    ZI Data      Debug   

     23296        488       1104         12       2196     137471   Grand Totals
     23296        488       1104         12       2196     137471   ELF Image Totals
     23296        488       1104         12          0          0   ROM Totals

==============================================================================

    Total RO  Size (Code + RO Data)                24400 (  23.83kB)
    Total RW  Size (RW Data + ZI Data)              2208 (   2.16kB)
    Total ROM Size (Code + RO Data + RW Data)      24412 (  23.84kB)

==============================================================================

